Archive member included to satisfy reference by file (symbol)

c:/st/stm32cubeide_1.10.1/stm32cubeide/plugins/com.st.stm32cube.ide.mcu.externaltools.gnu-tools-for-stm32.10.3-2021.10.win32_1.0.0.202111181127/tools/bin/../lib/gcc/arm-none-eabi/10.3.1/../../../../arm-none-eabi/lib/thumb/v6-m/nofp\libc_nano.a(lib_a-errno.o)
                              ./Core/Src/syscalls.o (__errno)
c:/st/stm32cubeide_1.10.1/stm32cubeide/plugins/com.st.stm32cube.ide.mcu.externaltools.gnu-tools-for-stm32.10.3-2021.10.win32_1.0.0.202111181127/tools/bin/../lib/gcc/arm-none-eabi/10.3.1/../../../../arm-none-eabi/lib/thumb/v6-m/nofp\libc_nano.a(lib_a-exit.o)
                              c:/st/stm32cubeide_1.10.1/stm32cubeide/plugins/com.st.stm32cube.ide.mcu.externaltools.gnu-tools-for-stm32.10.3-2021.10.win32_1.0.0.202111181127/tools/bin/../lib/gcc/arm-none-eabi/10.3.1/../../../../arm-none-eabi/lib/thumb/v6-m/nofp/crt0.o (exit)
c:/st/stm32cubeide_1.10.1/stm32cubeide/plugins/com.st.stm32cube.ide.mcu.externaltools.gnu-tools-for-stm32.10.3-2021.10.win32_1.0.0.202111181127/tools/bin/../lib/gcc/arm-none-eabi/10.3.1/../../../../arm-none-eabi/lib/thumb/v6-m/nofp\libc_nano.a(lib_a-impure.o)
                              c:/st/stm32cubeide_1.10.1/stm32cubeide/plugins/com.st.stm32cube.ide.mcu.externaltools.gnu-tools-for-stm32.10.3-2021.10.win32_1.0.0.202111181127/tools/bin/../lib/gcc/arm-none-eabi/10.3.1/../../../../arm-none-eabi/lib/thumb/v6-m/nofp\libc_nano.a(lib_a-exit.o) (_global_impure_ptr)
c:/st/stm32cubeide_1.10.1/stm32cubeide/plugins/com.st.stm32cube.ide.mcu.externaltools.gnu-tools-for-stm32.10.3-2021.10.win32_1.0.0.202111181127/tools/bin/../lib/gcc/arm-none-eabi/10.3.1/../../../../arm-none-eabi/lib/thumb/v6-m/nofp\libc_nano.a(lib_a-init.o)
                              c:/st/stm32cubeide_1.10.1/stm32cubeide/plugins/com.st.stm32cube.ide.mcu.externaltools.gnu-tools-for-stm32.10.3-2021.10.win32_1.0.0.202111181127/tools/bin/../lib/gcc/arm-none-eabi/10.3.1/../../../../arm-none-eabi/lib/thumb/v6-m/nofp/crt0.o (__libc_init_array)
c:/st/stm32cubeide_1.10.1/stm32cubeide/plugins/com.st.stm32cube.ide.mcu.externaltools.gnu-tools-for-stm32.10.3-2021.10.win32_1.0.0.202111181127/tools/bin/../lib/gcc/arm-none-eabi/10.3.1/../../../../arm-none-eabi/lib/thumb/v6-m/nofp\libc_nano.a(lib_a-memset.o)
                              c:/st/stm32cubeide_1.10.1/stm32cubeide/plugins/com.st.stm32cube.ide.mcu.externaltools.gnu-tools-for-stm32.10.3-2021.10.win32_1.0.0.202111181127/tools/bin/../lib/gcc/arm-none-eabi/10.3.1/../../../../arm-none-eabi/lib/thumb/v6-m/nofp/crt0.o (memset)
c:/st/stm32cubeide_1.10.1/stm32cubeide/plugins/com.st.stm32cube.ide.mcu.externaltools.gnu-tools-for-stm32.10.3-2021.10.win32_1.0.0.202111181127/tools/bin/../lib/gcc/arm-none-eabi/10.3.1/../../../../arm-none-eabi/lib/thumb/v6-m/nofp\libc_nano.a(lib_a-strlen.o)
                              ./Core/Src/lcd1602_i2c_lib.o (strlen)
c:/st/stm32cubeide_1.10.1/stm32cubeide/plugins/com.st.stm32cube.ide.mcu.externaltools.gnu-tools-for-stm32.10.3-2021.10.win32_1.0.0.202111181127/tools/bin/../lib/gcc/arm-none-eabi/10.3.1/thumb/v6-m/nofp\libgcc.a(_udivsi3.o)
                              ./Core/Src/system_stm32f0xx.o (__aeabi_uidiv)
c:/st/stm32cubeide_1.10.1/stm32cubeide/plugins/com.st.stm32cube.ide.mcu.externaltools.gnu-tools-for-stm32.10.3-2021.10.win32_1.0.0.202111181127/tools/bin/../lib/gcc/arm-none-eabi/10.3.1/thumb/v6-m/nofp\libgcc.a(_dvmd_tls.o)
                              c:/st/stm32cubeide_1.10.1/stm32cubeide/plugins/com.st.stm32cube.ide.mcu.externaltools.gnu-tools-for-stm32.10.3-2021.10.win32_1.0.0.202111181127/tools/bin/../lib/gcc/arm-none-eabi/10.3.1/thumb/v6-m/nofp\libgcc.a(_udivsi3.o) (__aeabi_idiv0)

Discarded input sections

 .text          0x0000000000000000        0x0 c:/st/stm32cubeide_1.10.1/stm32cubeide/plugins/com.st.stm32cube.ide.mcu.externaltools.gnu-tools-for-stm32.10.3-2021.10.win32_1.0.0.202111181127/tools/bin/../lib/gcc/arm-none-eabi/10.3.1/thumb/v6-m/nofp/crti.o
 .data          0x0000000000000000        0x0 c:/st/stm32cubeide_1.10.1/stm32cubeide/plugins/com.st.stm32cube.ide.mcu.externaltools.gnu-tools-for-stm32.10.3-2021.10.win32_1.0.0.202111181127/tools/bin/../lib/gcc/arm-none-eabi/10.3.1/thumb/v6-m/nofp/crti.o
 .bss           0x0000000000000000        0x0 c:/st/stm32cubeide_1.10.1/stm32cubeide/plugins/com.st.stm32cube.ide.mcu.externaltools.gnu-tools-for-stm32.10.3-2021.10.win32_1.0.0.202111181127/tools/bin/../lib/gcc/arm-none-eabi/10.3.1/thumb/v6-m/nofp/crti.o
 .data          0x0000000000000000        0x4 c:/st/stm32cubeide_1.10.1/stm32cubeide/plugins/com.st.stm32cube.ide.mcu.externaltools.gnu-tools-for-stm32.10.3-2021.10.win32_1.0.0.202111181127/tools/bin/../lib/gcc/arm-none-eabi/10.3.1/thumb/v6-m/nofp/crtbegin.o
 .rodata        0x0000000000000000       0x24 c:/st/stm32cubeide_1.10.1/stm32cubeide/plugins/com.st.stm32cube.ide.mcu.externaltools.gnu-tools-for-stm32.10.3-2021.10.win32_1.0.0.202111181127/tools/bin/../lib/gcc/arm-none-eabi/10.3.1/thumb/v6-m/nofp/crtbegin.o
 .text          0x0000000000000000       0x80 c:/st/stm32cubeide_1.10.1/stm32cubeide/plugins/com.st.stm32cube.ide.mcu.externaltools.gnu-tools-for-stm32.10.3-2021.10.win32_1.0.0.202111181127/tools/bin/../lib/gcc/arm-none-eabi/10.3.1/../../../../arm-none-eabi/lib/thumb/v6-m/nofp/crt0.o
 .data          0x0000000000000000        0x0 c:/st/stm32cubeide_1.10.1/stm32cubeide/plugins/com.st.stm32cube.ide.mcu.externaltools.gnu-tools-for-stm32.10.3-2021.10.win32_1.0.0.202111181127/tools/bin/../lib/gcc/arm-none-eabi/10.3.1/../../../../arm-none-eabi/lib/thumb/v6-m/nofp/crt0.o
 .bss           0x0000000000000000        0x0 c:/st/stm32cubeide_1.10.1/stm32cubeide/plugins/com.st.stm32cube.ide.mcu.externaltools.gnu-tools-for-stm32.10.3-2021.10.win32_1.0.0.202111181127/tools/bin/../lib/gcc/arm-none-eabi/10.3.1/../../../../arm-none-eabi/lib/thumb/v6-m/nofp/crt0.o
 .ARM.extab     0x0000000000000000        0x0 c:/st/stm32cubeide_1.10.1/stm32cubeide/plugins/com.st.stm32cube.ide.mcu.externaltools.gnu-tools-for-stm32.10.3-2021.10.win32_1.0.0.202111181127/tools/bin/../lib/gcc/arm-none-eabi/10.3.1/../../../../arm-none-eabi/lib/thumb/v6-m/nofp/crt0.o
 .ARM.exidx     0x0000000000000000       0x10 c:/st/stm32cubeide_1.10.1/stm32cubeide/plugins/com.st.stm32cube.ide.mcu.externaltools.gnu-tools-for-stm32.10.3-2021.10.win32_1.0.0.202111181127/tools/bin/../lib/gcc/arm-none-eabi/10.3.1/../../../../arm-none-eabi/lib/thumb/v6-m/nofp/crt0.o
 .ARM.attributes
                0x0000000000000000       0x1b c:/st/stm32cubeide_1.10.1/stm32cubeide/plugins/com.st.stm32cube.ide.mcu.externaltools.gnu-tools-for-stm32.10.3-2021.10.win32_1.0.0.202111181127/tools/bin/../lib/gcc/arm-none-eabi/10.3.1/../../../../arm-none-eabi/lib/thumb/v6-m/nofp/crt0.o
 .group         0x0000000000000000        0xc ./Core/Src/CMSIS_F031.o
 .group         0x0000000000000000        0xc ./Core/Src/CMSIS_F031.o
 .group         0x0000000000000000        0xc ./Core/Src/CMSIS_F031.o
 .group         0x0000000000000000        0xc ./Core/Src/CMSIS_F031.o
 .group         0x0000000000000000        0xc ./Core/Src/CMSIS_F031.o
 .group         0x0000000000000000        0xc ./Core/Src/CMSIS_F031.o
 .group         0x0000000000000000        0xc ./Core/Src/CMSIS_F031.o
 .group         0x0000000000000000        0xc ./Core/Src/CMSIS_F031.o
 .group         0x0000000000000000        0xc ./Core/Src/CMSIS_F031.o
 .group         0x0000000000000000        0xc ./Core/Src/CMSIS_F031.o
 .group         0x0000000000000000        0xc ./Core/Src/CMSIS_F031.o
 .group         0x0000000000000000        0xc ./Core/Src/CMSIS_F031.o
 .group         0x0000000000000000        0xc ./Core/Src/CMSIS_F031.o
 .group         0x0000000000000000        0xc ./Core/Src/CMSIS_F031.o
 .group         0x0000000000000000        0xc ./Core/Src/CMSIS_F031.o
 .text          0x0000000000000000        0x0 ./Core/Src/CMSIS_F031.o
 .data          0x0000000000000000        0x0 ./Core/Src/CMSIS_F031.o
 .bss           0x0000000000000000        0x0 ./Core/Src/CMSIS_F031.o
 .text.CMSIS_I2C1_PIN_Init
                0x0000000000000000       0xa8 ./Core/Src/CMSIS_F031.o
 .group         0x0000000000000000        0xc ./Core/Src/SMA_filter_lib.o
 .group         0x0000000000000000        0xc ./Core/Src/SMA_filter_lib.o
 .group         0x0000000000000000        0xc ./Core/Src/SMA_filter_lib.o
 .group         0x0000000000000000        0xc ./Core/Src/SMA_filter_lib.o
 .group         0x0000000000000000        0xc ./Core/Src/SMA_filter_lib.o
 .group         0x0000000000000000        0xc ./Core/Src/SMA_filter_lib.o
 .group         0x0000000000000000        0xc ./Core/Src/SMA_filter_lib.o
 .group         0x0000000000000000        0xc ./Core/Src/SMA_filter_lib.o
 .group         0x0000000000000000        0xc ./Core/Src/SMA_filter_lib.o
 .group         0x0000000000000000        0xc ./Core/Src/SMA_filter_lib.o
 .group         0x0000000000000000        0xc ./Core/Src/SMA_filter_lib.o
 .group         0x0000000000000000        0xc ./Core/Src/SMA_filter_lib.o
 .group         0x0000000000000000        0xc ./Core/Src/SMA_filter_lib.o
 .group         0x0000000000000000        0xc ./Core/Src/SMA_filter_lib.o
 .group         0x0000000000000000        0xc ./Core/Src/SMA_filter_lib.o
 .group         0x0000000000000000        0xc ./Core/Src/SMA_filter_lib.o
 .text          0x0000000000000000        0x0 ./Core/Src/SMA_filter_lib.o
 .data          0x0000000000000000        0x0 ./Core/Src/SMA_filter_lib.o
 .bss           0x0000000000000000        0x0 ./Core/Src/SMA_filter_lib.o
 .debug_macro   0x0000000000000000      0xa48 ./Core/Src/SMA_filter_lib.o
 .debug_macro   0x0000000000000000       0x2e ./Core/Src/SMA_filter_lib.o
 .debug_macro   0x0000000000000000       0x22 ./Core/Src/SMA_filter_lib.o
 .debug_macro   0x0000000000000000       0x22 ./Core/Src/SMA_filter_lib.o
 .debug_macro   0x0000000000000000       0x8e ./Core/Src/SMA_filter_lib.o
 .debug_macro   0x0000000000000000       0x51 ./Core/Src/SMA_filter_lib.o
 .debug_macro   0x0000000000000000      0x103 ./Core/Src/SMA_filter_lib.o
 .debug_macro   0x0000000000000000       0x6a ./Core/Src/SMA_filter_lib.o
 .debug_macro   0x0000000000000000      0x1df ./Core/Src/SMA_filter_lib.o
 .debug_macro   0x0000000000000000       0x1c ./Core/Src/SMA_filter_lib.o
 .debug_macro   0x0000000000000000       0x22 ./Core/Src/SMA_filter_lib.o
 .debug_macro   0x0000000000000000       0xaf ./Core/Src/SMA_filter_lib.o
 .debug_macro   0x0000000000000000      0x391 ./Core/Src/SMA_filter_lib.o
 .debug_macro   0x0000000000000000     0x7544 ./Core/Src/SMA_filter_lib.o
 .debug_macro   0x0000000000000000       0x66 ./Core/Src/SMA_filter_lib.o
 .group         0x0000000000000000        0xc ./Core/Src/lcd1602_i2c_lib.o
 .group         0x0000000000000000        0xc ./Core/Src/lcd1602_i2c_lib.o
 .group         0x0000000000000000        0xc ./Core/Src/lcd1602_i2c_lib.o
 .group         0x0000000000000000        0xc ./Core/Src/lcd1602_i2c_lib.o
 .group         0x0000000000000000        0xc ./Core/Src/lcd1602_i2c_lib.o
 .group         0x0000000000000000        0xc ./Core/Src/lcd1602_i2c_lib.o
 .group         0x0000000000000000        0xc ./Core/Src/lcd1602_i2c_lib.o
 .group         0x0000000000000000        0xc ./Core/Src/lcd1602_i2c_lib.o
 .group         0x0000000000000000        0xc ./Core/Src/lcd1602_i2c_lib.o
 .group         0x0000000000000000        0xc ./Core/Src/lcd1602_i2c_lib.o
 .group         0x0000000000000000        0xc ./Core/Src/lcd1602_i2c_lib.o
 .group         0x0000000000000000        0xc ./Core/Src/lcd1602_i2c_lib.o
 .group         0x0000000000000000        0xc ./Core/Src/lcd1602_i2c_lib.o
 .group         0x0000000000000000        0xc ./Core/Src/lcd1602_i2c_lib.o
 .group         0x0000000000000000        0xc ./Core/Src/lcd1602_i2c_lib.o
 .group         0x0000000000000000        0xc ./Core/Src/lcd1602_i2c_lib.o
 .group         0x0000000000000000        0xc ./Core/Src/lcd1602_i2c_lib.o
 .group         0x0000000000000000        0xc ./Core/Src/lcd1602_i2c_lib.o
 .group         0x0000000000000000        0xc ./Core/Src/lcd1602_i2c_lib.o
 .group         0x0000000000000000        0xc ./Core/Src/lcd1602_i2c_lib.o
 .group         0x0000000000000000        0xc ./Core/Src/lcd1602_i2c_lib.o
 .group         0x0000000000000000        0xc ./Core/Src/lcd1602_i2c_lib.o
 .group         0x0000000000000000        0xc ./Core/Src/lcd1602_i2c_lib.o
 .group         0x0000000000000000        0xc ./Core/Src/lcd1602_i2c_lib.o
 .group         0x0000000000000000        0xc ./Core/Src/lcd1602_i2c_lib.o
 .group         0x0000000000000000        0xc ./Core/Src/lcd1602_i2c_lib.o
 .group         0x0000000000000000        0xc ./Core/Src/lcd1602_i2c_lib.o
 .group         0x0000000000000000        0xc ./Core/Src/lcd1602_i2c_lib.o
 .group         0x0000000000000000        0xc ./Core/Src/lcd1602_i2c_lib.o
 .group         0x0000000000000000        0xc ./Core/Src/lcd1602_i2c_lib.o
 .group         0x0000000000000000        0xc ./Core/Src/lcd1602_i2c_lib.o
 .group         0x0000000000000000        0xc ./Core/Src/lcd1602_i2c_lib.o
 .group         0x0000000000000000        0xc ./Core/Src/lcd1602_i2c_lib.o
 .text          0x0000000000000000        0x0 ./Core/Src/lcd1602_i2c_lib.o
 .data          0x0000000000000000        0x0 ./Core/Src/lcd1602_i2c_lib.o
 .bss           0x0000000000000000        0x0 ./Core/Src/lcd1602_i2c_lib.o
 .data.backlight
                0x0000000000000000        0x1 ./Core/Src/lcd1602_i2c_lib.o
 .bss.tx_buffer_lcd
                0x0000000000000000       0x28 ./Core/Src/lcd1602_i2c_lib.o
 .bss.global_buffer
                0x0000000000000000        0x1 ./Core/Src/lcd1602_i2c_lib.o
 .text.lcd1602_Send_init_Data
                0x0000000000000000       0x7c ./Core/Src/lcd1602_i2c_lib.o
 .text.CMSIS_I2C_Master_Transmit
                0x0000000000000000       0x40 ./Core/Src/lcd1602_i2c_lib.o
 .text.lcd1602_Write_byte
                0x0000000000000000       0x20 ./Core/Src/lcd1602_i2c_lib.o
 .text.lcd1602_Send_cmd
                0x0000000000000000       0x64 ./Core/Src/lcd1602_i2c_lib.o
 .text.lcd1602_Send_data_symbol
                0x0000000000000000       0x80 ./Core/Src/lcd1602_i2c_lib.o
 .text.lcd1602_Send_data
                0x0000000000000000       0x70 ./Core/Src/lcd1602_i2c_lib.o
 .text.lcd1602_Init
                0x0000000000000000       0xd8 ./Core/Src/lcd1602_i2c_lib.o
 .text.lcd1602_Print_symbol
                0x0000000000000000       0x52 ./Core/Src/lcd1602_i2c_lib.o
 .text.lcd1602_Print_text
                0x0000000000000000       0x3c ./Core/Src/lcd1602_i2c_lib.o
 .text.lcd1602_SetCursor
                0x0000000000000000       0xbe ./Core/Src/lcd1602_i2c_lib.o
 .text.lcd1602_Move_to_the_left
                0x0000000000000000       0x2a ./Core/Src/lcd1602_i2c_lib.o
 .text.lcd1602_Move_to_the_right
                0x0000000000000000       0x2a ./Core/Src/lcd1602_i2c_lib.o
 .text.lcd1602_Backlight
                0x0000000000000000       0x30 ./Core/Src/lcd1602_i2c_lib.o
 .text.lcd1602_Create_symbol
                0x0000000000000000       0x64 ./Core/Src/lcd1602_i2c_lib.o
 .text.lcd1602_Clean
                0x0000000000000000       0x2a ./Core/Src/lcd1602_i2c_lib.o
 .rodata        0x0000000000000000       0x29 ./Core/Src/lcd1602_i2c_lib.o
 .text.lcd1602_Clean_Text
                0x0000000000000000       0x30 ./Core/Src/lcd1602_i2c_lib.o
 .debug_info    0x0000000000000000      0x4e7 ./Core/Src/lcd1602_i2c_lib.o
 .debug_abbrev  0x0000000000000000      0x1d6 ./Core/Src/lcd1602_i2c_lib.o
 .debug_aranges
                0x0000000000000000       0x98 ./Core/Src/lcd1602_i2c_lib.o
 .debug_ranges  0x0000000000000000       0x88 ./Core/Src/lcd1602_i2c_lib.o
 .debug_macro   0x0000000000000000      0x1aa ./Core/Src/lcd1602_i2c_lib.o
 .debug_macro   0x0000000000000000      0xa48 ./Core/Src/lcd1602_i2c_lib.o
 .debug_macro   0x0000000000000000       0x2e ./Core/Src/lcd1602_i2c_lib.o
 .debug_macro   0x0000000000000000       0x22 ./Core/Src/lcd1602_i2c_lib.o
 .debug_macro   0x0000000000000000       0x22 ./Core/Src/lcd1602_i2c_lib.o
 .debug_macro   0x0000000000000000       0x8e ./Core/Src/lcd1602_i2c_lib.o
 .debug_macro   0x0000000000000000       0x51 ./Core/Src/lcd1602_i2c_lib.o
 .debug_macro   0x0000000000000000      0x103 ./Core/Src/lcd1602_i2c_lib.o
 .debug_macro   0x0000000000000000       0x6a ./Core/Src/lcd1602_i2c_lib.o
 .debug_macro   0x0000000000000000      0x1df ./Core/Src/lcd1602_i2c_lib.o
 .debug_macro   0x0000000000000000       0x1c ./Core/Src/lcd1602_i2c_lib.o
 .debug_macro   0x0000000000000000       0x22 ./Core/Src/lcd1602_i2c_lib.o
 .debug_macro   0x0000000000000000       0xaf ./Core/Src/lcd1602_i2c_lib.o
 .debug_macro   0x0000000000000000      0x391 ./Core/Src/lcd1602_i2c_lib.o
 .debug_macro   0x0000000000000000     0x7544 ./Core/Src/lcd1602_i2c_lib.o
 .debug_macro   0x0000000000000000       0x66 ./Core/Src/lcd1602_i2c_lib.o
 .debug_macro   0x0000000000000000       0x52 ./Core/Src/lcd1602_i2c_lib.o
 .debug_macro   0x0000000000000000       0x18 ./Core/Src/lcd1602_i2c_lib.o
 .debug_macro   0x0000000000000000       0x3c ./Core/Src/lcd1602_i2c_lib.o
 .debug_macro   0x0000000000000000       0x34 ./Core/Src/lcd1602_i2c_lib.o
 .debug_macro   0x0000000000000000      0x174 ./Core/Src/lcd1602_i2c_lib.o
 .debug_macro   0x0000000000000000       0x16 ./Core/Src/lcd1602_i2c_lib.o
 .debug_macro   0x0000000000000000       0x43 ./Core/Src/lcd1602_i2c_lib.o
 .debug_macro   0x0000000000000000       0x34 ./Core/Src/lcd1602_i2c_lib.o
 .debug_macro   0x0000000000000000       0x10 ./Core/Src/lcd1602_i2c_lib.o
 .debug_macro   0x0000000000000000       0x58 ./Core/Src/lcd1602_i2c_lib.o
 .debug_macro   0x0000000000000000       0x71 ./Core/Src/lcd1602_i2c_lib.o
 .debug_macro   0x0000000000000000       0x1c ./Core/Src/lcd1602_i2c_lib.o
 .debug_macro   0x0000000000000000      0x12a ./Core/Src/lcd1602_i2c_lib.o
 .debug_macro   0x0000000000000000      0x341 ./Core/Src/lcd1602_i2c_lib.o
 .debug_macro   0x0000000000000000       0x10 ./Core/Src/lcd1602_i2c_lib.o
 .debug_macro   0x0000000000000000       0x35 ./Core/Src/lcd1602_i2c_lib.o
 .debug_macro   0x0000000000000000       0x20 ./Core/Src/lcd1602_i2c_lib.o
 .debug_macro   0x0000000000000000       0x22 ./Core/Src/lcd1602_i2c_lib.o
 .debug_line    0x0000000000000000      0x873 ./Core/Src/lcd1602_i2c_lib.o
 .debug_str     0x0000000000000000    0x31540 ./Core/Src/lcd1602_i2c_lib.o
 .comment       0x0000000000000000       0x51 ./Core/Src/lcd1602_i2c_lib.o
 .debug_frame   0x0000000000000000      0x210 ./Core/Src/lcd1602_i2c_lib.o
 .ARM.attributes
                0x0000000000000000       0x2c ./Core/Src/lcd1602_i2c_lib.o
 .group         0x0000000000000000        0xc ./Core/Src/main.o
 .group         0x0000000000000000        0xc ./Core/Src/main.o
 .group         0x0000000000000000        0xc ./Core/Src/main.o
 .group         0x0000000000000000        0xc ./Core/Src/main.o
 .group         0x0000000000000000        0xc ./Core/Src/main.o
 .group         0x0000000000000000        0xc ./Core/Src/main.o
 .group         0x0000000000000000        0xc ./Core/Src/main.o
 .group         0x0000000000000000        0xc ./Core/Src/main.o
 .group         0x0000000000000000        0xc ./Core/Src/main.o
 .group         0x0000000000000000        0xc ./Core/Src/main.o
 .group         0x0000000000000000        0xc ./Core/Src/main.o
 .group         0x0000000000000000        0xc ./Core/Src/main.o
 .group         0x0000000000000000        0xc ./Core/Src/main.o
 .group         0x0000000000000000        0xc ./Core/Src/main.o
 .group         0x0000000000000000        0xc ./Core/Src/main.o
 .group         0x0000000000000000        0xc ./Core/Src/main.o
 .group         0x0000000000000000        0xc ./Core/Src/main.o
 .text          0x0000000000000000        0x0 ./Core/Src/main.o
 .data          0x0000000000000000        0x0 ./Core/Src/main.o
 .bss           0x0000000000000000        0x0 ./Core/Src/main.o
 .debug_macro   0x0000000000000000      0xa48 ./Core/Src/main.o
 .debug_macro   0x0000000000000000       0x2e ./Core/Src/main.o
 .debug_macro   0x0000000000000000       0x22 ./Core/Src/main.o
 .debug_macro   0x0000000000000000       0x22 ./Core/Src/main.o
 .debug_macro   0x0000000000000000       0x8e ./Core/Src/main.o
 .debug_macro   0x0000000000000000       0x51 ./Core/Src/main.o
 .debug_macro   0x0000000000000000      0x103 ./Core/Src/main.o
 .debug_macro   0x0000000000000000       0x6a ./Core/Src/main.o
 .debug_macro   0x0000000000000000      0x1df ./Core/Src/main.o
 .debug_macro   0x0000000000000000       0x1c ./Core/Src/main.o
 .debug_macro   0x0000000000000000       0x22 ./Core/Src/main.o
 .debug_macro   0x0000000000000000       0xaf ./Core/Src/main.o
 .debug_macro   0x0000000000000000      0x391 ./Core/Src/main.o
 .debug_macro   0x0000000000000000     0x7544 ./Core/Src/main.o
 .debug_macro   0x0000000000000000       0x66 ./Core/Src/main.o
 .debug_macro   0x0000000000000000       0x10 ./Core/Src/main.o
 .debug_macro   0x0000000000000000       0x22 ./Core/Src/main.o
 .group         0x0000000000000000        0xc ./Core/Src/syscalls.o
 .group         0x0000000000000000        0xc ./Core/Src/syscalls.o
 .group         0x0000000000000000        0xc ./Core/Src/syscalls.o
 .group         0x0000000000000000        0xc ./Core/Src/syscalls.o
 .group         0x0000000000000000        0xc ./Core/Src/syscalls.o
 .group         0x0000000000000000        0xc ./Core/Src/syscalls.o
 .group         0x0000000000000000        0xc ./Core/Src/syscalls.o
 .group         0x0000000000000000        0xc ./Core/Src/syscalls.o
 .group         0x0000000000000000        0xc ./Core/Src/syscalls.o
 .group         0x0000000000000000        0xc ./Core/Src/syscalls.o
 .group         0x0000000000000000        0xc ./Core/Src/syscalls.o
 .group         0x0000000000000000        0xc ./Core/Src/syscalls.o
 .group         0x0000000000000000        0xc ./Core/Src/syscalls.o
 .group         0x0000000000000000        0xc ./Core/Src/syscalls.o
 .group         0x0000000000000000        0xc ./Core/Src/syscalls.o
 .group         0x0000000000000000        0xc ./Core/Src/syscalls.o
 .group         0x0000000000000000        0xc ./Core/Src/syscalls.o
 .group         0x0000000000000000        0xc ./Core/Src/syscalls.o
 .group         0x0000000000000000        0xc ./Core/Src/syscalls.o
 .group         0x0000000000000000        0xc ./Core/Src/syscalls.o
 .group         0x0000000000000000        0xc ./Core/Src/syscalls.o
 .group         0x0000000000000000        0xc ./Core/Src/syscalls.o
 .group         0x0000000000000000        0xc ./Core/Src/syscalls.o
 .group         0x0000000000000000        0xc ./Core/Src/syscalls.o
 .group         0x0000000000000000        0xc ./Core/Src/syscalls.o
 .group         0x0000000000000000        0xc ./Core/Src/syscalls.o
 .group         0x0000000000000000        0xc ./Core/Src/syscalls.o
 .group         0x0000000000000000        0xc ./Core/Src/syscalls.o
 .group         0x0000000000000000        0xc ./Core/Src/syscalls.o
 .group         0x0000000000000000        0xc ./Core/Src/syscalls.o
 .group         0x0000000000000000        0xc ./Core/Src/syscalls.o
 .group         0x0000000000000000        0xc ./Core/Src/syscalls.o
 .group         0x0000000000000000        0xc ./Core/Src/syscalls.o
 .group         0x0000000000000000        0xc ./Core/Src/syscalls.o
 .group         0x0000000000000000        0xc ./Core/Src/syscalls.o
 .group         0x0000000000000000        0xc ./Core/Src/syscalls.o
 .group         0x0000000000000000        0xc ./Core/Src/syscalls.o
 .group         0x0000000000000000        0xc ./Core/Src/syscalls.o
 .group         0x0000000000000000        0xc ./Core/Src/syscalls.o
 .group         0x0000000000000000        0xc ./Core/Src/syscalls.o
 .group         0x0000000000000000        0xc ./Core/Src/syscalls.o
 .group         0x0000000000000000        0xc ./Core/Src/syscalls.o
 .group         0x0000000000000000        0xc ./Core/Src/syscalls.o
 .group         0x0000000000000000        0xc ./Core/Src/syscalls.o
 .group         0x0000000000000000        0xc ./Core/Src/syscalls.o
 .group         0x0000000000000000        0xc ./Core/Src/syscalls.o
 .group         0x0000000000000000        0xc ./Core/Src/syscalls.o
 .text          0x0000000000000000        0x0 ./Core/Src/syscalls.o
 .data          0x0000000000000000        0x0 ./Core/Src/syscalls.o
 .bss           0x0000000000000000        0x0 ./Core/Src/syscalls.o
 .bss.__env     0x0000000000000000        0x4 ./Core/Src/syscalls.o
 .data.environ  0x0000000000000000        0x4 ./Core/Src/syscalls.o
 .text.initialise_monitor_handles
                0x0000000000000000        0xa ./Core/Src/syscalls.o
 .text._getpid  0x0000000000000000        0xc ./Core/Src/syscalls.o
 .text._kill    0x0000000000000000       0x20 ./Core/Src/syscalls.o
 .text._exit    0x0000000000000000       0x18 ./Core/Src/syscalls.o
 .text._read    0x0000000000000000       0x3a ./Core/Src/syscalls.o
 .text._write   0x0000000000000000       0x38 ./Core/Src/syscalls.o
 .text._close   0x0000000000000000       0x14 ./Core/Src/syscalls.o
 .text._fstat   0x0000000000000000       0x1c ./Core/Src/syscalls.o
 .text._isatty  0x0000000000000000       0x12 ./Core/Src/syscalls.o
 .text._lseek   0x0000000000000000       0x16 ./Core/Src/syscalls.o
 .text._open    0x0000000000000000       0x1c ./Core/Src/syscalls.o
 .text._wait    0x0000000000000000       0x1e ./Core/Src/syscalls.o
 .text._unlink  0x0000000000000000       0x1e ./Core/Src/syscalls.o
 .text._times   0x0000000000000000       0x14 ./Core/Src/syscalls.o
 .text._stat    0x0000000000000000       0x1c ./Core/Src/syscalls.o
 .text._link    0x0000000000000000       0x20 ./Core/Src/syscalls.o
 .text._fork    0x0000000000000000       0x18 ./Core/Src/syscalls.o
 .text._execve  0x0000000000000000       0x22 ./Core/Src/syscalls.o
 .debug_info    0x0000000000000000      0x6e0 ./Core/Src/syscalls.o
 .debug_abbrev  0x0000000000000000      0x1b3 ./Core/Src/syscalls.o
 .debug_aranges
                0x0000000000000000       0xa8 ./Core/Src/syscalls.o
 .debug_ranges  0x0000000000000000       0x98 ./Core/Src/syscalls.o
 .debug_macro   0x0000000000000000      0x24c ./Core/Src/syscalls.o
 .debug_macro   0x0000000000000000      0xa48 ./Core/Src/syscalls.o
 .debug_macro   0x0000000000000000       0x22 ./Core/Src/syscalls.o
 .debug_macro   0x0000000000000000       0x4c ./Core/Src/syscalls.o
 .debug_macro   0x0000000000000000       0x18 ./Core/Src/syscalls.o
 .debug_macro   0x0000000000000000       0x94 ./Core/Src/syscalls.o
 .debug_macro   0x0000000000000000       0x3c ./Core/Src/syscalls.o
 .debug_macro   0x0000000000000000       0x34 ./Core/Src/syscalls.o
 .debug_macro   0x0000000000000000       0x57 ./Core/Src/syscalls.o
 .debug_macro   0x0000000000000000      0x174 ./Core/Src/syscalls.o
 .debug_macro   0x0000000000000000      0x341 ./Core/Src/syscalls.o
 .debug_macro   0x0000000000000000       0x16 ./Core/Src/syscalls.o
 .debug_macro   0x0000000000000000       0x43 ./Core/Src/syscalls.o
 .debug_macro   0x0000000000000000       0x34 ./Core/Src/syscalls.o
 .debug_macro   0x0000000000000000       0x10 ./Core/Src/syscalls.o
 .debug_macro   0x0000000000000000       0x58 ./Core/Src/syscalls.o
 .debug_macro   0x0000000000000000       0x71 ./Core/Src/syscalls.o
 .debug_macro   0x0000000000000000       0x1c ./Core/Src/syscalls.o
 .debug_macro   0x0000000000000000      0x12a ./Core/Src/syscalls.o
 .debug_macro   0x0000000000000000       0x10 ./Core/Src/syscalls.o
 .debug_macro   0x0000000000000000       0x35 ./Core/Src/syscalls.o
 .debug_macro   0x0000000000000000       0x10 ./Core/Src/syscalls.o
 .debug_macro   0x0000000000000000       0x10 ./Core/Src/syscalls.o
 .debug_macro   0x0000000000000000       0x10 ./Core/Src/syscalls.o
 .debug_macro   0x0000000000000000       0x6a ./Core/Src/syscalls.o
 .debug_macro   0x0000000000000000       0x1c ./Core/Src/syscalls.o
 .debug_macro   0x0000000000000000       0x52 ./Core/Src/syscalls.o
 .debug_macro   0x0000000000000000       0x22 ./Core/Src/syscalls.o
 .debug_macro   0x0000000000000000       0x10 ./Core/Src/syscalls.o
 .debug_macro   0x0000000000000000       0x52 ./Core/Src/syscalls.o
 .debug_macro   0x0000000000000000       0xd5 ./Core/Src/syscalls.o
 .debug_macro   0x0000000000000000       0x1c ./Core/Src/syscalls.o
 .debug_macro   0x0000000000000000       0x3d ./Core/Src/syscalls.o
 .debug_macro   0x0000000000000000       0x35 ./Core/Src/syscalls.o
 .debug_macro   0x0000000000000000      0x12c ./Core/Src/syscalls.o
 .debug_macro   0x0000000000000000       0x16 ./Core/Src/syscalls.o
 .debug_macro   0x0000000000000000       0x16 ./Core/Src/syscalls.o
 .debug_macro   0x0000000000000000       0x29 ./Core/Src/syscalls.o
 .debug_macro   0x0000000000000000       0x10 ./Core/Src/syscalls.o
 .debug_macro   0x0000000000000000      0x241 ./Core/Src/syscalls.o
 .debug_macro   0x0000000000000000       0x1c ./Core/Src/syscalls.o
 .debug_macro   0x0000000000000000       0x10 ./Core/Src/syscalls.o
 .debug_macro   0x0000000000000000       0x10 ./Core/Src/syscalls.o
 .debug_macro   0x0000000000000000       0x16 ./Core/Src/syscalls.o
 .debug_macro   0x0000000000000000      0x145 ./Core/Src/syscalls.o
 .debug_macro   0x0000000000000000      0x189 ./Core/Src/syscalls.o
 .debug_macro   0x0000000000000000       0x16 ./Core/Src/syscalls.o
 .debug_macro   0x0000000000000000       0xce ./Core/Src/syscalls.o
 .debug_line    0x0000000000000000      0x7f4 ./Core/Src/syscalls.o
 .debug_str     0x0000000000000000     0x8942 ./Core/Src/syscalls.o
 .comment       0x0000000000000000       0x51 ./Core/Src/syscalls.o
 .debug_frame   0x0000000000000000      0x244 ./Core/Src/syscalls.o
 .ARM.attributes
                0x0000000000000000       0x2c ./Core/Src/syscalls.o
 .group         0x0000000000000000        0xc ./Core/Src/sysmem.o
 .group         0x0000000000000000        0xc ./Core/Src/sysmem.o
 .group         0x0000000000000000        0xc ./Core/Src/sysmem.o
 .group         0x0000000000000000        0xc ./Core/Src/sysmem.o
 .group         0x0000000000000000        0xc ./Core/Src/sysmem.o
 .group         0x0000000000000000        0xc ./Core/Src/sysmem.o
 .group         0x0000000000000000        0xc ./Core/Src/sysmem.o
 .group         0x0000000000000000        0xc ./Core/Src/sysmem.o
 .group         0x0000000000000000        0xc ./Core/Src/sysmem.o
 .group         0x0000000000000000        0xc ./Core/Src/sysmem.o
 .group         0x0000000000000000        0xc ./Core/Src/sysmem.o
 .group         0x0000000000000000        0xc ./Core/Src/sysmem.o
 .group         0x0000000000000000        0xc ./Core/Src/sysmem.o
 .group         0x0000000000000000        0xc ./Core/Src/sysmem.o
 .group         0x0000000000000000        0xc ./Core/Src/sysmem.o
 .group         0x0000000000000000        0xc ./Core/Src/sysmem.o
 .group         0x0000000000000000        0xc ./Core/Src/sysmem.o
 .group         0x0000000000000000        0xc ./Core/Src/sysmem.o
 .group         0x0000000000000000        0xc ./Core/Src/sysmem.o
 .group         0x0000000000000000        0xc ./Core/Src/sysmem.o
 .group         0x0000000000000000        0xc ./Core/Src/sysmem.o
 .group         0x0000000000000000        0xc ./Core/Src/sysmem.o
 .text          0x0000000000000000        0x0 ./Core/Src/sysmem.o
 .data          0x0000000000000000        0x0 ./Core/Src/sysmem.o
 .bss           0x0000000000000000        0x0 ./Core/Src/sysmem.o
 .bss.__sbrk_heap_end
                0x0000000000000000        0x4 ./Core/Src/sysmem.o
 .text._sbrk    0x0000000000000000       0x6c ./Core/Src/sysmem.o
 .debug_info    0x0000000000000000      0x171 ./Core/Src/sysmem.o
 .debug_abbrev  0x0000000000000000       0xbb ./Core/Src/sysmem.o
 .debug_aranges
                0x0000000000000000       0x20 ./Core/Src/sysmem.o
 .debug_ranges  0x0000000000000000       0x10 ./Core/Src/sysmem.o
 .debug_macro   0x0000000000000000       0xff ./Core/Src/sysmem.o
 .debug_macro   0x0000000000000000      0xa48 ./Core/Src/sysmem.o
 .debug_macro   0x0000000000000000       0x10 ./Core/Src/sysmem.o
 .debug_macro   0x0000000000000000       0x22 ./Core/Src/sysmem.o
 .debug_macro   0x0000000000000000       0x4c ./Core/Src/sysmem.o
 .debug_macro   0x0000000000000000       0x18 ./Core/Src/sysmem.o
 .debug_macro   0x0000000000000000       0x94 ./Core/Src/sysmem.o
 .debug_macro   0x0000000000000000       0x3c ./Core/Src/sysmem.o
 .debug_macro   0x0000000000000000       0x34 ./Core/Src/sysmem.o
 .debug_macro   0x0000000000000000      0x174 ./Core/Src/sysmem.o
 .debug_macro   0x0000000000000000       0x16 ./Core/Src/sysmem.o
 .debug_macro   0x0000000000000000       0x43 ./Core/Src/sysmem.o
 .debug_macro   0x0000000000000000       0x57 ./Core/Src/sysmem.o
 .debug_macro   0x0000000000000000       0x34 ./Core/Src/sysmem.o
 .debug_macro   0x0000000000000000       0x10 ./Core/Src/sysmem.o
 .debug_macro   0x0000000000000000       0x58 ./Core/Src/sysmem.o
 .debug_macro   0x0000000000000000       0x71 ./Core/Src/sysmem.o
 .debug_macro   0x0000000000000000       0x1c ./Core/Src/sysmem.o
 .debug_macro   0x0000000000000000      0x12a ./Core/Src/sysmem.o
 .debug_macro   0x0000000000000000      0x23b ./Core/Src/sysmem.o
 .debug_macro   0x0000000000000000      0x103 ./Core/Src/sysmem.o
 .debug_macro   0x0000000000000000       0x6a ./Core/Src/sysmem.o
 .debug_macro   0x0000000000000000      0x1df ./Core/Src/sysmem.o
 .debug_line    0x0000000000000000      0x4ea ./Core/Src/sysmem.o
 .debug_str     0x0000000000000000     0x5c7e ./Core/Src/sysmem.o
 .comment       0x0000000000000000       0x51 ./Core/Src/sysmem.o
 .debug_frame   0x0000000000000000       0x30 ./Core/Src/sysmem.o
 .ARM.attributes
                0x0000000000000000       0x2c ./Core/Src/sysmem.o
 .group         0x0000000000000000        0xc ./Core/Src/system_stm32f0xx.o
 .group         0x0000000000000000        0xc ./Core/Src/system_stm32f0xx.o
 .group         0x0000000000000000        0xc ./Core/Src/system_stm32f0xx.o
 .group         0x0000000000000000        0xc ./Core/Src/system_stm32f0xx.o
 .group         0x0000000000000000        0xc ./Core/Src/system_stm32f0xx.o
 .group         0x0000000000000000        0xc ./Core/Src/system_stm32f0xx.o
 .group         0x0000000000000000        0xc ./Core/Src/system_stm32f0xx.o
 .group         0x0000000000000000        0xc ./Core/Src/system_stm32f0xx.o
 .group         0x0000000000000000        0xc ./Core/Src/system_stm32f0xx.o
 .group         0x0000000000000000        0xc ./Core/Src/system_stm32f0xx.o
 .group         0x0000000000000000        0xc ./Core/Src/system_stm32f0xx.o
 .group         0x0000000000000000        0xc ./Core/Src/system_stm32f0xx.o
 .group         0x0000000000000000        0xc ./Core/Src/system_stm32f0xx.o
 .group         0x0000000000000000        0xc ./Core/Src/system_stm32f0xx.o
 .group         0x0000000000000000        0xc ./Core/Src/system_stm32f0xx.o
 .text          0x0000000000000000        0x0 ./Core/Src/system_stm32f0xx.o
 .data          0x0000000000000000        0x0 ./Core/Src/system_stm32f0xx.o
 .bss           0x0000000000000000        0x0 ./Core/Src/system_stm32f0xx.o
 .data.SystemCoreClock
                0x0000000000000000        0x4 ./Core/Src/system_stm32f0xx.o
 .rodata.AHBPrescTable
                0x0000000000000000       0x10 ./Core/Src/system_stm32f0xx.o
 .rodata.APBPrescTable
                0x0000000000000000        0x8 ./Core/Src/system_stm32f0xx.o
 .text.SystemCoreClockUpdate
                0x0000000000000000       0xec ./Core/Src/system_stm32f0xx.o
 .debug_macro   0x0000000000000000      0xa48 ./Core/Src/system_stm32f0xx.o
 .debug_macro   0x0000000000000000       0x2e ./Core/Src/system_stm32f0xx.o
 .debug_macro   0x0000000000000000       0x22 ./Core/Src/system_stm32f0xx.o
 .debug_macro   0x0000000000000000       0x22 ./Core/Src/system_stm32f0xx.o
 .debug_macro   0x0000000000000000       0x8e ./Core/Src/system_stm32f0xx.o
 .debug_macro   0x0000000000000000       0x51 ./Core/Src/system_stm32f0xx.o
 .debug_macro   0x0000000000000000      0x103 ./Core/Src/system_stm32f0xx.o
 .debug_macro   0x0000000000000000       0x6a ./Core/Src/system_stm32f0xx.o
 .debug_macro   0x0000000000000000      0x1df ./Core/Src/system_stm32f0xx.o
 .debug_macro   0x0000000000000000       0x1c ./Core/Src/system_stm32f0xx.o
 .debug_macro   0x0000000000000000       0x22 ./Core/Src/system_stm32f0xx.o
 .debug_macro   0x0000000000000000       0xaf ./Core/Src/system_stm32f0xx.o
 .debug_macro   0x0000000000000000      0x391 ./Core/Src/system_stm32f0xx.o
 .debug_macro   0x0000000000000000     0x7544 ./Core/Src/system_stm32f0xx.o
 .debug_macro   0x0000000000000000       0x66 ./Core/Src/system_stm32f0xx.o
 .text          0x0000000000000000       0x14 ./Core/Startup/startup_stm32f031k6tx.o
 .data          0x0000000000000000        0x0 ./Core/Startup/startup_stm32f031k6tx.o
 .bss           0x0000000000000000        0x0 ./Core/Startup/startup_stm32f031k6tx.o
 .text          0x0000000000000000        0x0 c:/st/stm32cubeide_1.10.1/stm32cubeide/plugins/com.st.stm32cube.ide.mcu.externaltools.gnu-tools-for-stm32.10.3-2021.10.win32_1.0.0.202111181127/tools/bin/../lib/gcc/arm-none-eabi/10.3.1/../../../../arm-none-eabi/lib/thumb/v6-m/nofp\libc_nano.a(lib_a-errno.o)
 .data          0x0000000000000000        0x0 c:/st/stm32cubeide_1.10.1/stm32cubeide/plugins/com.st.stm32cube.ide.mcu.externaltools.gnu-tools-for-stm32.10.3-2021.10.win32_1.0.0.202111181127/tools/bin/../lib/gcc/arm-none-eabi/10.3.1/../../../../arm-none-eabi/lib/thumb/v6-m/nofp\libc_nano.a(lib_a-errno.o)
 .bss           0x0000000000000000        0x0 c:/st/stm32cubeide_1.10.1/stm32cubeide/plugins/com.st.stm32cube.ide.mcu.externaltools.gnu-tools-for-stm32.10.3-2021.10.win32_1.0.0.202111181127/tools/bin/../lib/gcc/arm-none-eabi/10.3.1/../../../../arm-none-eabi/lib/thumb/v6-m/nofp\libc_nano.a(lib_a-errno.o)
 .text.__errno  0x0000000000000000        0xc c:/st/stm32cubeide_1.10.1/stm32cubeide/plugins/com.st.stm32cube.ide.mcu.externaltools.gnu-tools-for-stm32.10.3-2021.10.win32_1.0.0.202111181127/tools/bin/../lib/gcc/arm-none-eabi/10.3.1/../../../../arm-none-eabi/lib/thumb/v6-m/nofp\libc_nano.a(lib_a-errno.o)
 .debug_frame   0x0000000000000000       0x20 c:/st/stm32cubeide_1.10.1/stm32cubeide/plugins/com.st.stm32cube.ide.mcu.externaltools.gnu-tools-for-stm32.10.3-2021.10.win32_1.0.0.202111181127/tools/bin/../lib/gcc/arm-none-eabi/10.3.1/../../../../arm-none-eabi/lib/thumb/v6-m/nofp\libc_nano.a(lib_a-errno.o)
 .ARM.attributes
                0x0000000000000000       0x2c c:/st/stm32cubeide_1.10.1/stm32cubeide/plugins/com.st.stm32cube.ide.mcu.externaltools.gnu-tools-for-stm32.10.3-2021.10.win32_1.0.0.202111181127/tools/bin/../lib/gcc/arm-none-eabi/10.3.1/../../../../arm-none-eabi/lib/thumb/v6-m/nofp\libc_nano.a(lib_a-errno.o)
 .text          0x0000000000000000        0x0 c:/st/stm32cubeide_1.10.1/stm32cubeide/plugins/com.st.stm32cube.ide.mcu.externaltools.gnu-tools-for-stm32.10.3-2021.10.win32_1.0.0.202111181127/tools/bin/../lib/gcc/arm-none-eabi/10.3.1/../../../../arm-none-eabi/lib/thumb/v6-m/nofp\libc_nano.a(lib_a-exit.o)
 .data          0x0000000000000000        0x0 c:/st/stm32cubeide_1.10.1/stm32cubeide/plugins/com.st.stm32cube.ide.mcu.externaltools.gnu-tools-for-stm32.10.3-2021.10.win32_1.0.0.202111181127/tools/bin/../lib/gcc/arm-none-eabi/10.3.1/../../../../arm-none-eabi/lib/thumb/v6-m/nofp\libc_nano.a(lib_a-exit.o)
 .bss           0x0000000000000000        0x0 c:/st/stm32cubeide_1.10.1/stm32cubeide/plugins/com.st.stm32cube.ide.mcu.externaltools.gnu-tools-for-stm32.10.3-2021.10.win32_1.0.0.202111181127/tools/bin/../lib/gcc/arm-none-eabi/10.3.1/../../../../arm-none-eabi/lib/thumb/v6-m/nofp\libc_nano.a(lib_a-exit.o)
 .text.exit     0x0000000000000000       0x2c c:/st/stm32cubeide_1.10.1/stm32cubeide/plugins/com.st.stm32cube.ide.mcu.externaltools.gnu-tools-for-stm32.10.3-2021.10.win32_1.0.0.202111181127/tools/bin/../lib/gcc/arm-none-eabi/10.3.1/../../../../arm-none-eabi/lib/thumb/v6-m/nofp\libc_nano.a(lib_a-exit.o)
 .debug_frame   0x0000000000000000       0x28 c:/st/stm32cubeide_1.10.1/stm32cubeide/plugins/com.st.stm32cube.ide.mcu.externaltools.gnu-tools-for-stm32.10.3-2021.10.win32_1.0.0.202111181127/tools/bin/../lib/gcc/arm-none-eabi/10.3.1/../../../../arm-none-eabi/lib/thumb/v6-m/nofp\libc_nano.a(lib_a-exit.o)
 .ARM.attributes
                0x0000000000000000       0x2c c:/st/stm32cubeide_1.10.1/stm32cubeide/plugins/com.st.stm32cube.ide.mcu.externaltools.gnu-tools-for-stm32.10.3-2021.10.win32_1.0.0.202111181127/tools/bin/../lib/gcc/arm-none-eabi/10.3.1/../../../../arm-none-eabi/lib/thumb/v6-m/nofp\libc_nano.a(lib_a-exit.o)
 .text          0x0000000000000000        0x0 c:/st/stm32cubeide_1.10.1/stm32cubeide/plugins/com.st.stm32cube.ide.mcu.externaltools.gnu-tools-for-stm32.10.3-2021.10.win32_1.0.0.202111181127/tools/bin/../lib/gcc/arm-none-eabi/10.3.1/../../../../arm-none-eabi/lib/thumb/v6-m/nofp\libc_nano.a(lib_a-impure.o)
 .data          0x0000000000000000        0x0 c:/st/stm32cubeide_1.10.1/stm32cubeide/plugins/com.st.stm32cube.ide.mcu.externaltools.gnu-tools-for-stm32.10.3-2021.10.win32_1.0.0.202111181127/tools/bin/../lib/gcc/arm-none-eabi/10.3.1/../../../../arm-none-eabi/lib/thumb/v6-m/nofp\libc_nano.a(lib_a-impure.o)
 .bss           0x0000000000000000        0x0 c:/st/stm32cubeide_1.10.1/stm32cubeide/plugins/com.st.stm32cube.ide.mcu.externaltools.gnu-tools-for-stm32.10.3-2021.10.win32_1.0.0.202111181127/tools/bin/../lib/gcc/arm-none-eabi/10.3.1/../../../../arm-none-eabi/lib/thumb/v6-m/nofp\libc_nano.a(lib_a-impure.o)
 .data._impure_ptr
                0x0000000000000000        0x4 c:/st/stm32cubeide_1.10.1/stm32cubeide/plugins/com.st.stm32cube.ide.mcu.externaltools.gnu-tools-for-stm32.10.3-2021.10.win32_1.0.0.202111181127/tools/bin/../lib/gcc/arm-none-eabi/10.3.1/../../../../arm-none-eabi/lib/thumb/v6-m/nofp\libc_nano.a(lib_a-impure.o)
 .data.impure_data
                0x0000000000000000       0x60 c:/st/stm32cubeide_1.10.1/stm32cubeide/plugins/com.st.stm32cube.ide.mcu.externaltools.gnu-tools-for-stm32.10.3-2021.10.win32_1.0.0.202111181127/tools/bin/../lib/gcc/arm-none-eabi/10.3.1/../../../../arm-none-eabi/lib/thumb/v6-m/nofp\libc_nano.a(lib_a-impure.o)
 .rodata._global_impure_ptr
                0x0000000000000000        0x4 c:/st/stm32cubeide_1.10.1/stm32cubeide/plugins/com.st.stm32cube.ide.mcu.externaltools.gnu-tools-for-stm32.10.3-2021.10.win32_1.0.0.202111181127/tools/bin/../lib/gcc/arm-none-eabi/10.3.1/../../../../arm-none-eabi/lib/thumb/v6-m/nofp\libc_nano.a(lib_a-impure.o)
 .ARM.attributes
                0x0000000000000000       0x2c c:/st/stm32cubeide_1.10.1/stm32cubeide/plugins/com.st.stm32cube.ide.mcu.externaltools.gnu-tools-for-stm32.10.3-2021.10.win32_1.0.0.202111181127/tools/bin/../lib/gcc/arm-none-eabi/10.3.1/../../../../arm-none-eabi/lib/thumb/v6-m/nofp\libc_nano.a(lib_a-impure.o)
 .text          0x0000000000000000        0x0 c:/st/stm32cubeide_1.10.1/stm32cubeide/plugins/com.st.stm32cube.ide.mcu.externaltools.gnu-tools-for-stm32.10.3-2021.10.win32_1.0.0.202111181127/tools/bin/../lib/gcc/arm-none-eabi/10.3.1/../../../../arm-none-eabi/lib/thumb/v6-m/nofp\libc_nano.a(lib_a-init.o)
 .data          0x0000000000000000        0x0 c:/st/stm32cubeide_1.10.1/stm32cubeide/plugins/com.st.stm32cube.ide.mcu.externaltools.gnu-tools-for-stm32.10.3-2021.10.win32_1.0.0.202111181127/tools/bin/../lib/gcc/arm-none-eabi/10.3.1/../../../../arm-none-eabi/lib/thumb/v6-m/nofp\libc_nano.a(lib_a-init.o)
 .bss           0x0000000000000000        0x0 c:/st/stm32cubeide_1.10.1/stm32cubeide/plugins/com.st.stm32cube.ide.mcu.externaltools.gnu-tools-for-stm32.10.3-2021.10.win32_1.0.0.202111181127/tools/bin/../lib/gcc/arm-none-eabi/10.3.1/../../../../arm-none-eabi/lib/thumb/v6-m/nofp\libc_nano.a(lib_a-init.o)
 .text          0x0000000000000000        0x0 c:/st/stm32cubeide_1.10.1/stm32cubeide/plugins/com.st.stm32cube.ide.mcu.externaltools.gnu-tools-for-stm32.10.3-2021.10.win32_1.0.0.202111181127/tools/bin/../lib/gcc/arm-none-eabi/10.3.1/../../../../arm-none-eabi/lib/thumb/v6-m/nofp\libc_nano.a(lib_a-memset.o)
 .data          0x0000000000000000        0x0 c:/st/stm32cubeide_1.10.1/stm32cubeide/plugins/com.st.stm32cube.ide.mcu.externaltools.gnu-tools-for-stm32.10.3-2021.10.win32_1.0.0.202111181127/tools/bin/../lib/gcc/arm-none-eabi/10.3.1/../../../../arm-none-eabi/lib/thumb/v6-m/nofp\libc_nano.a(lib_a-memset.o)
 .bss           0x0000000000000000        0x0 c:/st/stm32cubeide_1.10.1/stm32cubeide/plugins/com.st.stm32cube.ide.mcu.externaltools.gnu-tools-for-stm32.10.3-2021.10.win32_1.0.0.202111181127/tools/bin/../lib/gcc/arm-none-eabi/10.3.1/../../../../arm-none-eabi/lib/thumb/v6-m/nofp\libc_nano.a(lib_a-memset.o)
 .text.memset   0x0000000000000000       0x10 c:/st/stm32cubeide_1.10.1/stm32cubeide/plugins/com.st.stm32cube.ide.mcu.externaltools.gnu-tools-for-stm32.10.3-2021.10.win32_1.0.0.202111181127/tools/bin/../lib/gcc/arm-none-eabi/10.3.1/../../../../arm-none-eabi/lib/thumb/v6-m/nofp\libc_nano.a(lib_a-memset.o)
 .debug_frame   0x0000000000000000       0x20 c:/st/stm32cubeide_1.10.1/stm32cubeide/plugins/com.st.stm32cube.ide.mcu.externaltools.gnu-tools-for-stm32.10.3-2021.10.win32_1.0.0.202111181127/tools/bin/../lib/gcc/arm-none-eabi/10.3.1/../../../../arm-none-eabi/lib/thumb/v6-m/nofp\libc_nano.a(lib_a-memset.o)
 .ARM.attributes
                0x0000000000000000       0x2c c:/st/stm32cubeide_1.10.1/stm32cubeide/plugins/com.st.stm32cube.ide.mcu.externaltools.gnu-tools-for-stm32.10.3-2021.10.win32_1.0.0.202111181127/tools/bin/../lib/gcc/arm-none-eabi/10.3.1/../../../../arm-none-eabi/lib/thumb/v6-m/nofp\libc_nano.a(lib_a-memset.o)
 .text          0x0000000000000000        0xe c:/st/stm32cubeide_1.10.1/stm32cubeide/plugins/com.st.stm32cube.ide.mcu.externaltools.gnu-tools-for-stm32.10.3-2021.10.win32_1.0.0.202111181127/tools/bin/../lib/gcc/arm-none-eabi/10.3.1/../../../../arm-none-eabi/lib/thumb/v6-m/nofp\libc_nano.a(lib_a-strlen.o)
 .data          0x0000000000000000        0x0 c:/st/stm32cubeide_1.10.1/stm32cubeide/plugins/com.st.stm32cube.ide.mcu.externaltools.gnu-tools-for-stm32.10.3-2021.10.win32_1.0.0.202111181127/tools/bin/../lib/gcc/arm-none-eabi/10.3.1/../../../../arm-none-eabi/lib/thumb/v6-m/nofp\libc_nano.a(lib_a-strlen.o)
 .bss           0x0000000000000000        0x0 c:/st/stm32cubeide_1.10.1/stm32cubeide/plugins/com.st.stm32cube.ide.mcu.externaltools.gnu-tools-for-stm32.10.3-2021.10.win32_1.0.0.202111181127/tools/bin/../lib/gcc/arm-none-eabi/10.3.1/../../../../arm-none-eabi/lib/thumb/v6-m/nofp\libc_nano.a(lib_a-strlen.o)
 .ARM.attributes
                0x0000000000000000       0x1c c:/st/stm32cubeide_1.10.1/stm32cubeide/plugins/com.st.stm32cube.ide.mcu.externaltools.gnu-tools-for-stm32.10.3-2021.10.win32_1.0.0.202111181127/tools/bin/../lib/gcc/arm-none-eabi/10.3.1/../../../../arm-none-eabi/lib/thumb/v6-m/nofp\libc_nano.a(lib_a-strlen.o)
 .text          0x0000000000000000      0x114 c:/st/stm32cubeide_1.10.1/stm32cubeide/plugins/com.st.stm32cube.ide.mcu.externaltools.gnu-tools-for-stm32.10.3-2021.10.win32_1.0.0.202111181127/tools/bin/../lib/gcc/arm-none-eabi/10.3.1/thumb/v6-m/nofp\libgcc.a(_udivsi3.o)
 .data          0x0000000000000000        0x0 c:/st/stm32cubeide_1.10.1/stm32cubeide/plugins/com.st.stm32cube.ide.mcu.externaltools.gnu-tools-for-stm32.10.3-2021.10.win32_1.0.0.202111181127/tools/bin/../lib/gcc/arm-none-eabi/10.3.1/thumb/v6-m/nofp\libgcc.a(_udivsi3.o)
 .bss           0x0000000000000000        0x0 c:/st/stm32cubeide_1.10.1/stm32cubeide/plugins/com.st.stm32cube.ide.mcu.externaltools.gnu-tools-for-stm32.10.3-2021.10.win32_1.0.0.202111181127/tools/bin/../lib/gcc/arm-none-eabi/10.3.1/thumb/v6-m/nofp\libgcc.a(_udivsi3.o)
 .debug_frame   0x0000000000000000       0x20 c:/st/stm32cubeide_1.10.1/stm32cubeide/plugins/com.st.stm32cube.ide.mcu.externaltools.gnu-tools-for-stm32.10.3-2021.10.win32_1.0.0.202111181127/tools/bin/../lib/gcc/arm-none-eabi/10.3.1/thumb/v6-m/nofp\libgcc.a(_udivsi3.o)
 .ARM.attributes
                0x0000000000000000       0x1e c:/st/stm32cubeide_1.10.1/stm32cubeide/plugins/com.st.stm32cube.ide.mcu.externaltools.gnu-tools-for-stm32.10.3-2021.10.win32_1.0.0.202111181127/tools/bin/../lib/gcc/arm-none-eabi/10.3.1/thumb/v6-m/nofp\libgcc.a(_udivsi3.o)
 .text          0x0000000000000000        0x4 c:/st/stm32cubeide_1.10.1/stm32cubeide/plugins/com.st.stm32cube.ide.mcu.externaltools.gnu-tools-for-stm32.10.3-2021.10.win32_1.0.0.202111181127/tools/bin/../lib/gcc/arm-none-eabi/10.3.1/thumb/v6-m/nofp\libgcc.a(_dvmd_tls.o)
 .data          0x0000000000000000        0x0 c:/st/stm32cubeide_1.10.1/stm32cubeide/plugins/com.st.stm32cube.ide.mcu.externaltools.gnu-tools-for-stm32.10.3-2021.10.win32_1.0.0.202111181127/tools/bin/../lib/gcc/arm-none-eabi/10.3.1/thumb/v6-m/nofp\libgcc.a(_dvmd_tls.o)
 .bss           0x0000000000000000        0x0 c:/st/stm32cubeide_1.10.1/stm32cubeide/plugins/com.st.stm32cube.ide.mcu.externaltools.gnu-tools-for-stm32.10.3-2021.10.win32_1.0.0.202111181127/tools/bin/../lib/gcc/arm-none-eabi/10.3.1/thumb/v6-m/nofp\libgcc.a(_dvmd_tls.o)
 .ARM.attributes
                0x0000000000000000       0x1e c:/st/stm32cubeide_1.10.1/stm32cubeide/plugins/com.st.stm32cube.ide.mcu.externaltools.gnu-tools-for-stm32.10.3-2021.10.win32_1.0.0.202111181127/tools/bin/../lib/gcc/arm-none-eabi/10.3.1/thumb/v6-m/nofp\libgcc.a(_dvmd_tls.o)
 .text          0x0000000000000000        0x0 c:/st/stm32cubeide_1.10.1/stm32cubeide/plugins/com.st.stm32cube.ide.mcu.externaltools.gnu-tools-for-stm32.10.3-2021.10.win32_1.0.0.202111181127/tools/bin/../lib/gcc/arm-none-eabi/10.3.1/thumb/v6-m/nofp/crtend.o
 .data          0x0000000000000000        0x0 c:/st/stm32cubeide_1.10.1/stm32cubeide/plugins/com.st.stm32cube.ide.mcu.externaltools.gnu-tools-for-stm32.10.3-2021.10.win32_1.0.0.202111181127/tools/bin/../lib/gcc/arm-none-eabi/10.3.1/thumb/v6-m/nofp/crtend.o
 .bss           0x0000000000000000        0x0 c:/st/stm32cubeide_1.10.1/stm32cubeide/plugins/com.st.stm32cube.ide.mcu.externaltools.gnu-tools-for-stm32.10.3-2021.10.win32_1.0.0.202111181127/tools/bin/../lib/gcc/arm-none-eabi/10.3.1/thumb/v6-m/nofp/crtend.o
 .rodata        0x0000000000000000       0x24 c:/st/stm32cubeide_1.10.1/stm32cubeide/plugins/com.st.stm32cube.ide.mcu.externaltools.gnu-tools-for-stm32.10.3-2021.10.win32_1.0.0.202111181127/tools/bin/../lib/gcc/arm-none-eabi/10.3.1/thumb/v6-m/nofp/crtend.o
 .eh_frame      0x0000000000000000        0x4 c:/st/stm32cubeide_1.10.1/stm32cubeide/plugins/com.st.stm32cube.ide.mcu.externaltools.gnu-tools-for-stm32.10.3-2021.10.win32_1.0.0.202111181127/tools/bin/../lib/gcc/arm-none-eabi/10.3.1/thumb/v6-m/nofp/crtend.o
 .ARM.attributes
                0x0000000000000000       0x2c c:/st/stm32cubeide_1.10.1/stm32cubeide/plugins/com.st.stm32cube.ide.mcu.externaltools.gnu-tools-for-stm32.10.3-2021.10.win32_1.0.0.202111181127/tools/bin/../lib/gcc/arm-none-eabi/10.3.1/thumb/v6-m/nofp/crtend.o
 .text          0x0000000000000000        0x0 c:/st/stm32cubeide_1.10.1/stm32cubeide/plugins/com.st.stm32cube.ide.mcu.externaltools.gnu-tools-for-stm32.10.3-2021.10.win32_1.0.0.202111181127/tools/bin/../lib/gcc/arm-none-eabi/10.3.1/thumb/v6-m/nofp/crtn.o
 .data          0x0000000000000000        0x0 c:/st/stm32cubeide_1.10.1/stm32cubeide/plugins/com.st.stm32cube.ide.mcu.externaltools.gnu-tools-for-stm32.10.3-2021.10.win32_1.0.0.202111181127/tools/bin/../lib/gcc/arm-none-eabi/10.3.1/thumb/v6-m/nofp/crtn.o
 .bss           0x0000000000000000        0x0 c:/st/stm32cubeide_1.10.1/stm32cubeide/plugins/com.st.stm32cube.ide.mcu.externaltools.gnu-tools-for-stm32.10.3-2021.10.win32_1.0.0.202111181127/tools/bin/../lib/gcc/arm-none-eabi/10.3.1/thumb/v6-m/nofp/crtn.o

Memory Configuration

Name             Origin             Length             Attributes
RAM              0x0000000020000000 0x0000000000001000 xrw
FLASH            0x0000000008000000 0x0000000000008000 xr
*default*        0x0000000000000000 0xffffffffffffffff

Linker script and memory map

LOAD c:/st/stm32cubeide_1.10.1/stm32cubeide/plugins/com.st.stm32cube.ide.mcu.externaltools.gnu-tools-for-stm32.10.3-2021.10.win32_1.0.0.202111181127/tools/bin/../lib/gcc/arm-none-eabi/10.3.1/thumb/v6-m/nofp/crti.o
LOAD c:/st/stm32cubeide_1.10.1/stm32cubeide/plugins/com.st.stm32cube.ide.mcu.externaltools.gnu-tools-for-stm32.10.3-2021.10.win32_1.0.0.202111181127/tools/bin/../lib/gcc/arm-none-eabi/10.3.1/thumb/v6-m/nofp/crtbegin.o
LOAD c:/st/stm32cubeide_1.10.1/stm32cubeide/plugins/com.st.stm32cube.ide.mcu.externaltools.gnu-tools-for-stm32.10.3-2021.10.win32_1.0.0.202111181127/tools/bin/../lib/gcc/arm-none-eabi/10.3.1/../../../../arm-none-eabi/lib/thumb/v6-m/nofp/crt0.o
LOAD ./Core/Src/CMSIS_F031.o
LOAD ./Core/Src/SMA_filter_lib.o
LOAD ./Core/Src/lcd1602_i2c_lib.o
LOAD ./Core/Src/main.o
LOAD ./Core/Src/syscalls.o
LOAD ./Core/Src/sysmem.o
LOAD ./Core/Src/system_stm32f0xx.o
LOAD ./Core/Startup/startup_stm32f031k6tx.o
START GROUP
LOAD c:/st/stm32cubeide_1.10.1/stm32cubeide/plugins/com.st.stm32cube.ide.mcu.externaltools.gnu-tools-for-stm32.10.3-2021.10.win32_1.0.0.202111181127/tools/bin/../lib/gcc/arm-none-eabi/10.3.1/../../../../arm-none-eabi/lib/thumb/v6-m/nofp\libc_nano.a
LOAD c:/st/stm32cubeide_1.10.1/stm32cubeide/plugins/com.st.stm32cube.ide.mcu.externaltools.gnu-tools-for-stm32.10.3-2021.10.win32_1.0.0.202111181127/tools/bin/../lib/gcc/arm-none-eabi/10.3.1/../../../../arm-none-eabi/lib/thumb/v6-m/nofp\libm.a
END GROUP
START GROUP
LOAD c:/st/stm32cubeide_1.10.1/stm32cubeide/plugins/com.st.stm32cube.ide.mcu.externaltools.gnu-tools-for-stm32.10.3-2021.10.win32_1.0.0.202111181127/tools/bin/../lib/gcc/arm-none-eabi/10.3.1/thumb/v6-m/nofp\libgcc.a
LOAD c:/st/stm32cubeide_1.10.1/stm32cubeide/plugins/com.st.stm32cube.ide.mcu.externaltools.gnu-tools-for-stm32.10.3-2021.10.win32_1.0.0.202111181127/tools/bin/../lib/gcc/arm-none-eabi/10.3.1/../../../../arm-none-eabi/lib/thumb/v6-m/nofp\libc_nano.a
END GROUP
START GROUP
LOAD c:/st/stm32cubeide_1.10.1/stm32cubeide/plugins/com.st.stm32cube.ide.mcu.externaltools.gnu-tools-for-stm32.10.3-2021.10.win32_1.0.0.202111181127/tools/bin/../lib/gcc/arm-none-eabi/10.3.1/thumb/v6-m/nofp\libgcc.a
LOAD c:/st/stm32cubeide_1.10.1/stm32cubeide/plugins/com.st.stm32cube.ide.mcu.externaltools.gnu-tools-for-stm32.10.3-2021.10.win32_1.0.0.202111181127/tools/bin/../lib/gcc/arm-none-eabi/10.3.1/../../../../arm-none-eabi/lib/thumb/v6-m/nofp\libc_nano.a
LOAD c:/st/stm32cubeide_1.10.1/stm32cubeide/plugins/com.st.stm32cube.ide.mcu.externaltools.gnu-tools-for-stm32.10.3-2021.10.win32_1.0.0.202111181127/tools/bin/../lib/gcc/arm-none-eabi/10.3.1/../../../../arm-none-eabi/lib/thumb/v6-m/nofp\libnosys.a
END GROUP
START GROUP
LOAD c:/st/stm32cubeide_1.10.1/stm32cubeide/plugins/com.st.stm32cube.ide.mcu.externaltools.gnu-tools-for-stm32.10.3-2021.10.win32_1.0.0.202111181127/tools/bin/../lib/gcc/arm-none-eabi/10.3.1/thumb/v6-m/nofp\libgcc.a
LOAD c:/st/stm32cubeide_1.10.1/stm32cubeide/plugins/com.st.stm32cube.ide.mcu.externaltools.gnu-tools-for-stm32.10.3-2021.10.win32_1.0.0.202111181127/tools/bin/../lib/gcc/arm-none-eabi/10.3.1/../../../../arm-none-eabi/lib/thumb/v6-m/nofp\libc_nano.a
LOAD c:/st/stm32cubeide_1.10.1/stm32cubeide/plugins/com.st.stm32cube.ide.mcu.externaltools.gnu-tools-for-stm32.10.3-2021.10.win32_1.0.0.202111181127/tools/bin/../lib/gcc/arm-none-eabi/10.3.1/../../../../arm-none-eabi/lib/thumb/v6-m/nofp\libnosys.a
END GROUP
LOAD c:/st/stm32cubeide_1.10.1/stm32cubeide/plugins/com.st.stm32cube.ide.mcu.externaltools.gnu-tools-for-stm32.10.3-2021.10.win32_1.0.0.202111181127/tools/bin/../lib/gcc/arm-none-eabi/10.3.1/thumb/v6-m/nofp/crtend.o
LOAD c:/st/stm32cubeide_1.10.1/stm32cubeide/plugins/com.st.stm32cube.ide.mcu.externaltools.gnu-tools-for-stm32.10.3-2021.10.win32_1.0.0.202111181127/tools/bin/../lib/gcc/arm-none-eabi/10.3.1/thumb/v6-m/nofp/crtn.o
                0x0000000020001000                _estack = (ORIGIN (RAM) + LENGTH (RAM))
                0x0000000000000200                _Min_Heap_Size = 0x200
                0x0000000000000400                _Min_Stack_Size = 0x400

.isr_vector     0x0000000008000000       0xc0
                0x0000000008000000                . = ALIGN (0x4)
 *(.isr_vector)
 .isr_vector    0x0000000008000000       0xc0 ./Core/Startup/startup_stm32f031k6tx.o
                0x0000000008000000                g_pfnVectors
                0x00000000080000c0                . = ALIGN (0x4)

.text           0x00000000080000c0      0x844
                0x00000000080000c0                . = ALIGN (0x4)
 *(.text)
 .text          0x00000000080000c0       0x48 c:/st/stm32cubeide_1.10.1/stm32cubeide/plugins/com.st.stm32cube.ide.mcu.externaltools.gnu-tools-for-stm32.10.3-2021.10.win32_1.0.0.202111181127/tools/bin/../lib/gcc/arm-none-eabi/10.3.1/thumb/v6-m/nofp/crtbegin.o
 *(.text*)
 .text.__NVIC_EnableIRQ
                0x0000000008000108       0x34 ./Core/Src/CMSIS_F031.o
 .text.CMSIS_SW_Debug_Init
                0x000000000800013c       0x2c ./Core/Src/CMSIS_F031.o
                0x000000000800013c                CMSIS_SW_Debug_Init
 .text.CMSIS_SET_PB3_OUTPUT_Push_Pull
                0x0000000008000168       0x4c ./Core/Src/CMSIS_F031.o
                0x0000000008000168                CMSIS_SET_PB3_OUTPUT_Push_Pull
 .text.CMSIS_SET_PB4_OUTPUT_Push_Pull
                0x00000000080001b4       0x50 ./Core/Src/CMSIS_F031.o
                0x00000000080001b4                CMSIS_SET_PB4_OUTPUT_Push_Pull
 .text.CMSIS_RCC_Init_48MHz
                0x0000000008000204       0xb4 ./Core/Src/CMSIS_F031.o
                0x0000000008000204                CMSIS_RCC_Init_48MHz
 .text.CMSIS_Sys_Tick_Init
                0x00000000080002b8       0x58 ./Core/Src/CMSIS_F031.o
                0x00000000080002b8                CMSIS_Sys_Tick_Init
 .text.Delay_ms
                0x0000000008000310       0x28 ./Core/Src/CMSIS_F031.o
                0x0000000008000310                Delay_ms
 .text.SysTick_Handler
                0x0000000008000338       0x30 ./Core/Src/CMSIS_F031.o
                0x0000000008000338                SysTick_Handler
 .text.CMSIS_ADC_DMA_Init
                0x0000000008000368      0x18c ./Core/Src/CMSIS_F031.o
                0x0000000008000368                CMSIS_ADC_DMA_Init
 .text.CMSIS_SET_PA1_ADC_IN1
                0x00000000080004f4       0x2c ./Core/Src/CMSIS_F031.o
                0x00000000080004f4                CMSIS_SET_PA1_ADC_IN1
 .text.CMSIS_SET_PA2_ADC_IN2
                0x0000000008000520       0x2c ./Core/Src/CMSIS_F031.o
                0x0000000008000520                CMSIS_SET_PA2_ADC_IN2
 .text.CMSIS_I2C1_Init
                0x000000000800054c       0x84 ./Core/Src/CMSIS_F031.o
                0x000000000800054c                CMSIS_I2C1_Init
 .text.CMSIS_SET_PB9_I2C1_SCL
                0x00000000080005d0       0x38 ./Core/Src/CMSIS_F031.o
                0x00000000080005d0                CMSIS_SET_PB9_I2C1_SCL
 .text.CMSIS_SET_PB10_I2C1_SDA
                0x0000000008000608       0x38 ./Core/Src/CMSIS_F031.o
                0x0000000008000608                CMSIS_SET_PB10_I2C1_SDA
 .text.SMA_FILTER_Get_Value
                0x0000000008000640       0x98 ./Core/Src/SMA_filter_lib.o
                0x0000000008000640                SMA_FILTER_Get_Value
 .text.DMA1_Channel1_IRQHandler
                0x00000000080006d8       0xb4 ./Core/Src/main.o
                0x00000000080006d8                DMA1_Channel1_IRQHandler
 .text.blink_led
                0x000000000800078c       0x74 ./Core/Src/main.o
                0x000000000800078c                blink_led
 .text.main     0x0000000008000800       0x44 ./Core/Src/main.o
                0x0000000008000800                main
 .text.SystemInit
                0x0000000008000844        0xa ./Core/Src/system_stm32f0xx.o
                0x0000000008000844                SystemInit
 *fill*         0x000000000800084e        0x2 
 .text.Reset_Handler
                0x0000000008000850       0x50 ./Core/Startup/startup_stm32f031k6tx.o
                0x0000000008000850                Reset_Handler
 .text.Default_Handler
                0x00000000080008a0        0x2 ./Core/Startup/startup_stm32f031k6tx.o
                0x00000000080008a0                TIM1_CC_IRQHandler
                0x00000000080008a0                HardFault_Handler
                0x00000000080008a0                PVD_IRQHandler
                0x00000000080008a0                PendSV_Handler
                0x00000000080008a0                NMI_Handler
                0x00000000080008a0                I2C1_IRQHandler
                0x00000000080008a0                SPI1_IRQHandler
                0x00000000080008a0                EXTI2_3_IRQHandler
                0x00000000080008a0                ADC1_IRQHandler
                0x00000000080008a0                TIM17_IRQHandler
                0x00000000080008a0                RTC_IRQHandler
                0x00000000080008a0                TIM16_IRQHandler
                0x00000000080008a0                TIM3_IRQHandler
                0x00000000080008a0                EXTI4_15_IRQHandler
                0x00000000080008a0                RCC_IRQHandler
                0x00000000080008a0                Default_Handler
                0x00000000080008a0                TIM14_IRQHandler
                0x00000000080008a0                DMA1_Channel4_5_IRQHandler
                0x00000000080008a0                EXTI0_1_IRQHandler
                0x00000000080008a0                SVC_Handler
                0x00000000080008a0                WWDG_IRQHandler
                0x00000000080008a0                TIM2_IRQHandler
                0x00000000080008a0                DMA1_Channel2_3_IRQHandler
                0x00000000080008a0                FLASH_IRQHandler
                0x00000000080008a0                USART1_IRQHandler
                0x00000000080008a0                TIM1_BRK_UP_TRG_COM_IRQHandler
 *fill*         0x00000000080008a2        0x2 
 .text.__libc_init_array
                0x00000000080008a4       0x48 c:/st/stm32cubeide_1.10.1/stm32cubeide/plugins/com.st.stm32cube.ide.mcu.externaltools.gnu-tools-for-stm32.10.3-2021.10.win32_1.0.0.202111181127/tools/bin/../lib/gcc/arm-none-eabi/10.3.1/../../../../arm-none-eabi/lib/thumb/v6-m/nofp\libc_nano.a(lib_a-init.o)
                0x00000000080008a4                __libc_init_array
 *(.glue_7)
 .glue_7        0x00000000080008ec        0x0 linker stubs
 *(.glue_7t)
 .glue_7t       0x00000000080008ec        0x0 linker stubs
 *(.eh_frame)
 .eh_frame      0x00000000080008ec        0x0 c:/st/stm32cubeide_1.10.1/stm32cubeide/plugins/com.st.stm32cube.ide.mcu.externaltools.gnu-tools-for-stm32.10.3-2021.10.win32_1.0.0.202111181127/tools/bin/../lib/gcc/arm-none-eabi/10.3.1/thumb/v6-m/nofp/crtbegin.o
 *(.init)
 .init          0x00000000080008ec        0x4 c:/st/stm32cubeide_1.10.1/stm32cubeide/plugins/com.st.stm32cube.ide.mcu.externaltools.gnu-tools-for-stm32.10.3-2021.10.win32_1.0.0.202111181127/tools/bin/../lib/gcc/arm-none-eabi/10.3.1/thumb/v6-m/nofp/crti.o
                0x00000000080008ec                _init
 .init          0x00000000080008f0        0x8 c:/st/stm32cubeide_1.10.1/stm32cubeide/plugins/com.st.stm32cube.ide.mcu.externaltools.gnu-tools-for-stm32.10.3-2021.10.win32_1.0.0.202111181127/tools/bin/../lib/gcc/arm-none-eabi/10.3.1/thumb/v6-m/nofp/crtn.o
 *(.fini)
 .fini          0x00000000080008f8        0x4 c:/st/stm32cubeide_1.10.1/stm32cubeide/plugins/com.st.stm32cube.ide.mcu.externaltools.gnu-tools-for-stm32.10.3-2021.10.win32_1.0.0.202111181127/tools/bin/../lib/gcc/arm-none-eabi/10.3.1/thumb/v6-m/nofp/crti.o
                0x00000000080008f8                _fini
 .fini          0x00000000080008fc        0x8 c:/st/stm32cubeide_1.10.1/stm32cubeide/plugins/com.st.stm32cube.ide.mcu.externaltools.gnu-tools-for-stm32.10.3-2021.10.win32_1.0.0.202111181127/tools/bin/../lib/gcc/arm-none-eabi/10.3.1/thumb/v6-m/nofp/crtn.o
                0x0000000008000904                . = ALIGN (0x4)
                0x0000000008000904                _etext = .

.vfp11_veneer   0x0000000008000904        0x0
 .vfp11_veneer  0x0000000008000904        0x0 linker stubs

.v4_bx          0x0000000008000904        0x0
 .v4_bx         0x0000000008000904        0x0 linker stubs

.iplt           0x0000000008000904        0x0
 .iplt          0x0000000008000904        0x0 c:/st/stm32cubeide_1.10.1/stm32cubeide/plugins/com.st.stm32cube.ide.mcu.externaltools.gnu-tools-for-stm32.10.3-2021.10.win32_1.0.0.202111181127/tools/bin/../lib/gcc/arm-none-eabi/10.3.1/thumb/v6-m/nofp/crtbegin.o

.rel.dyn        0x0000000008000904        0x0
 .rel.iplt      0x0000000008000904        0x0 c:/st/stm32cubeide_1.10.1/stm32cubeide/plugins/com.st.stm32cube.ide.mcu.externaltools.gnu-tools-for-stm32.10.3-2021.10.win32_1.0.0.202111181127/tools/bin/../lib/gcc/arm-none-eabi/10.3.1/thumb/v6-m/nofp/crtbegin.o

.rodata         0x0000000008000904        0x0
                0x0000000008000904                . = ALIGN (0x4)
 *(.rodata)
 *(.rodata*)
                0x0000000008000904                . = ALIGN (0x4)

.ARM.extab      0x0000000008000904        0x0
                0x0000000008000904                . = ALIGN (0x4)
 *(.ARM.extab* .gnu.linkonce.armextab.*)
                0x0000000008000904                . = ALIGN (0x4)

.ARM            0x0000000008000904        0x0
                0x0000000008000904                . = ALIGN (0x4)
                0x0000000008000904                __exidx_start = .
 *(.ARM.exidx*)
                0x0000000008000904                __exidx_end = .
                0x0000000008000904                . = ALIGN (0x4)

.preinit_array  0x0000000008000904        0x0
                0x0000000008000904                . = ALIGN (0x4)
                0x0000000008000904                PROVIDE (__preinit_array_start = .)
 *(.preinit_array*)
                0x0000000008000904                PROVIDE (__preinit_array_end = .)
                0x0000000008000904                . = ALIGN (0x4)

.init_array     0x0000000008000904        0x4
                0x0000000008000904                . = ALIGN (0x4)
                0x0000000008000904                PROVIDE (__init_array_start = .)
 *(SORT_BY_NAME(.init_array.*))
 *(.init_array*)
 .init_array    0x0000000008000904        0x4 c:/st/stm32cubeide_1.10.1/stm32cubeide/plugins/com.st.stm32cube.ide.mcu.externaltools.gnu-tools-for-stm32.10.3-2021.10.win32_1.0.0.202111181127/tools/bin/../lib/gcc/arm-none-eabi/10.3.1/thumb/v6-m/nofp/crtbegin.o
                0x0000000008000908                PROVIDE (__init_array_end = .)
                0x0000000008000908                . = ALIGN (0x4)

.fini_array     0x0000000008000908        0x4
                0x0000000008000908                . = ALIGN (0x4)
                [!provide]                        PROVIDE (__fini_array_start = .)
 *(SORT_BY_NAME(.fini_array.*))
 *(.fini_array*)
 .fini_array    0x0000000008000908        0x4 c:/st/stm32cubeide_1.10.1/stm32cubeide/plugins/com.st.stm32cube.ide.mcu.externaltools.gnu-tools-for-stm32.10.3-2021.10.win32_1.0.0.202111181127/tools/bin/../lib/gcc/arm-none-eabi/10.3.1/thumb/v6-m/nofp/crtbegin.o
                [!provide]                        PROVIDE (__fini_array_end = .)
                0x000000000800090c                . = ALIGN (0x4)
                0x000000000800090c                _sidata = LOADADDR (.data)

.data           0x0000000020000000        0x0 load address 0x000000000800090c
                0x0000000020000000                . = ALIGN (0x4)
                0x0000000020000000                _sdata = .
 *(.data)
 *(.data*)
 *(.RamFunc)
 *(.RamFunc*)
                0x0000000020000000                . = ALIGN (0x4)
                0x0000000020000000                _edata = .

.igot.plt       0x0000000020000000        0x0 load address 0x000000000800090c
 .igot.plt      0x0000000020000000        0x0 c:/st/stm32cubeide_1.10.1/stm32cubeide/plugins/com.st.stm32cube.ide.mcu.externaltools.gnu-tools-for-stm32.10.3-2021.10.win32_1.0.0.202111181127/tools/bin/../lib/gcc/arm-none-eabi/10.3.1/thumb/v6-m/nofp/crtbegin.o
                0x0000000020000000                . = ALIGN (0x4)

.bss            0x0000000020000000      0x100 load address 0x000000000800090c
                0x0000000020000000                _sbss = .
                0x0000000020000000                __bss_start__ = _sbss
 *(.bss)
 .bss           0x0000000020000000       0x1c c:/st/stm32cubeide_1.10.1/stm32cubeide/plugins/com.st.stm32cube.ide.mcu.externaltools.gnu-tools-for-stm32.10.3-2021.10.win32_1.0.0.202111181127/tools/bin/../lib/gcc/arm-none-eabi/10.3.1/thumb/v6-m/nofp/crtbegin.o
 *(.bss*)
 .bss.SysTimer_ms
                0x000000002000001c        0x4 ./Core/Src/CMSIS_F031.o
                0x000000002000001c                SysTimer_ms
 .bss.Delay_counter_ms
                0x0000000020000020        0x4 ./Core/Src/CMSIS_F031.o
                0x0000000020000020                Delay_counter_ms
 .bss.led_flag  0x0000000020000024        0x1 ./Core/Src/main.o
                0x0000000020000024                led_flag
 *fill*         0x0000000020000025        0x3 
 .bss.t_led     0x0000000020000028        0x4 ./Core/Src/main.o
                0x0000000020000028                t_led
 .bss.SMA_Filter_Buffer_1
                0x000000002000002c       0x40 ./Core/Src/main.o
                0x000000002000002c                SMA_Filter_Buffer_1
 .bss.SMA_Filter_Buffer_2
                0x000000002000006c       0x40 ./Core/Src/main.o
                0x000000002000006c                SMA_Filter_Buffer_2
 .bss.SMA_Filter_Buffer_3
                0x00000000200000ac       0x40 ./Core/Src/main.o
                0x00000000200000ac                SMA_Filter_Buffer_3
 .bss.ADC_SMA_Data
                0x00000000200000ec        0x6 ./Core/Src/main.o
                0x00000000200000ec                ADC_SMA_Data
 *fill*         0x00000000200000f2        0x2 
 .bss.ADC_RAW_Data
                0x00000000200000f4        0x6 ./Core/Src/main.o
                0x00000000200000f4                ADC_RAW_Data
 *fill*         0x00000000200000fa        0x2 
 .bss.Counter_DMA
                0x00000000200000fc        0x4 ./Core/Src/main.o
                0x00000000200000fc                Counter_DMA
 *(COMMON)
                0x0000000020000100                . = ALIGN (0x4)
                0x0000000020000100                _ebss = .
                0x0000000020000100                __bss_end__ = _ebss

._user_heap_stack
                0x0000000020000100      0x600 load address 0x000000000800090c
                0x0000000020000100                . = ALIGN (0x8)
                [!provide]                        PROVIDE (end = .)
                0x0000000020000100                PROVIDE (_end = .)
                0x0000000020000300                . = (. + _Min_Heap_Size)
 *fill*         0x0000000020000100      0x200 
                0x0000000020000700                . = (. + _Min_Stack_Size)
 *fill*         0x0000000020000300      0x400 
                0x0000000020000700                . = ALIGN (0x8)

/DISCARD/
 libc.a(*)
 libm.a(*)
 libgcc.a(*)

.ARM.attributes
                0x0000000000000000       0x28
 *(.ARM.attributes)
 .ARM.attributes
                0x0000000000000000       0x1e c:/st/stm32cubeide_1.10.1/stm32cubeide/plugins/com.st.stm32cube.ide.mcu.externaltools.gnu-tools-for-stm32.10.3-2021.10.win32_1.0.0.202111181127/tools/bin/../lib/gcc/arm-none-eabi/10.3.1/thumb/v6-m/nofp/crti.o
 .ARM.attributes
                0x000000000000001e       0x2c c:/st/stm32cubeide_1.10.1/stm32cubeide/plugins/com.st.stm32cube.ide.mcu.externaltools.gnu-tools-for-stm32.10.3-2021.10.win32_1.0.0.202111181127/tools/bin/../lib/gcc/arm-none-eabi/10.3.1/thumb/v6-m/nofp/crtbegin.o
 .ARM.attributes
                0x000000000000004a       0x2c ./Core/Src/CMSIS_F031.o
 .ARM.attributes
                0x0000000000000076       0x2c ./Core/Src/SMA_filter_lib.o
 .ARM.attributes
                0x00000000000000a2       0x2c ./Core/Src/main.o
 .ARM.attributes
                0x00000000000000ce       0x2c ./Core/Src/system_stm32f0xx.o
 .ARM.attributes
                0x00000000000000fa       0x21 ./Core/Startup/startup_stm32f031k6tx.o
 .ARM.attributes
                0x000000000000011b       0x2c c:/st/stm32cubeide_1.10.1/stm32cubeide/plugins/com.st.stm32cube.ide.mcu.externaltools.gnu-tools-for-stm32.10.3-2021.10.win32_1.0.0.202111181127/tools/bin/../lib/gcc/arm-none-eabi/10.3.1/../../../../arm-none-eabi/lib/thumb/v6-m/nofp\libc_nano.a(lib_a-init.o)
 .ARM.attributes
                0x0000000000000147       0x1e c:/st/stm32cubeide_1.10.1/stm32cubeide/plugins/com.st.stm32cube.ide.mcu.externaltools.gnu-tools-for-stm32.10.3-2021.10.win32_1.0.0.202111181127/tools/bin/../lib/gcc/arm-none-eabi/10.3.1/thumb/v6-m/nofp/crtn.o
OUTPUT(F031_CMSIS.elf elf32-littlearm)
LOAD linker stubs
LOAD c:/st/stm32cubeide_1.10.1/stm32cubeide/plugins/com.st.stm32cube.ide.mcu.externaltools.gnu-tools-for-stm32.10.3-2021.10.win32_1.0.0.202111181127/tools/bin/../lib/gcc/arm-none-eabi/10.3.1/../../../../arm-none-eabi/lib/thumb/v6-m/nofp\libc.a
LOAD c:/st/stm32cubeide_1.10.1/stm32cubeide/plugins/com.st.stm32cube.ide.mcu.externaltools.gnu-tools-for-stm32.10.3-2021.10.win32_1.0.0.202111181127/tools/bin/../lib/gcc/arm-none-eabi/10.3.1/../../../../arm-none-eabi/lib/thumb/v6-m/nofp\libm.a
LOAD c:/st/stm32cubeide_1.10.1/stm32cubeide/plugins/com.st.stm32cube.ide.mcu.externaltools.gnu-tools-for-stm32.10.3-2021.10.win32_1.0.0.202111181127/tools/bin/../lib/gcc/arm-none-eabi/10.3.1/thumb/v6-m/nofp\libgcc.a

.debug_info     0x0000000000000000      0xe9f
 .debug_info    0x0000000000000000      0x7cf ./Core/Src/CMSIS_F031.o
 .debug_info    0x00000000000007cf      0x138 ./Core/Src/SMA_filter_lib.o
 .debug_info    0x0000000000000907      0x314 ./Core/Src/main.o
 .debug_info    0x0000000000000c1b      0x262 ./Core/Src/system_stm32f0xx.o
 .debug_info    0x0000000000000e7d       0x22 ./Core/Startup/startup_stm32f031k6tx.o

.debug_abbrev   0x0000000000000000      0x4f9
 .debug_abbrev  0x0000000000000000      0x1dc ./Core/Src/CMSIS_F031.o
 .debug_abbrev  0x00000000000001dc       0xaa ./Core/Src/SMA_filter_lib.o
 .debug_abbrev  0x0000000000000286      0x14b ./Core/Src/main.o
 .debug_abbrev  0x00000000000003d1      0x116 ./Core/Src/system_stm32f0xx.o
 .debug_abbrev  0x00000000000004e7       0x12 ./Core/Startup/startup_stm32f031k6tx.o

.debug_aranges  0x0000000000000000      0x130
 .debug_aranges
                0x0000000000000000       0x90 ./Core/Src/CMSIS_F031.o
 .debug_aranges
                0x0000000000000090       0x20 ./Core/Src/SMA_filter_lib.o
 .debug_aranges
                0x00000000000000b0       0x30 ./Core/Src/main.o
 .debug_aranges
                0x00000000000000e0       0x28 ./Core/Src/system_stm32f0xx.o
 .debug_aranges
                0x0000000000000108       0x28 ./Core/Startup/startup_stm32f031k6tx.o

.debug_ranges   0x0000000000000000       0xe8
 .debug_ranges  0x0000000000000000       0x80 ./Core/Src/CMSIS_F031.o
 .debug_ranges  0x0000000000000080       0x10 ./Core/Src/SMA_filter_lib.o
 .debug_ranges  0x0000000000000090       0x20 ./Core/Src/main.o
 .debug_ranges  0x00000000000000b0       0x18 ./Core/Src/system_stm32f0xx.o
 .debug_ranges  0x00000000000000c8       0x20 ./Core/Startup/startup_stm32f031k6tx.o

.debug_macro    0x0000000000000000     0x8c42
 .debug_macro   0x0000000000000000       0xbe ./Core/Src/CMSIS_F031.o
 .debug_macro   0x00000000000000be      0xa48 ./Core/Src/CMSIS_F031.o
 .debug_macro   0x0000000000000b06       0x2e ./Core/Src/CMSIS_F031.o
 .debug_macro   0x0000000000000b34       0x22 ./Core/Src/CMSIS_F031.o
 .debug_macro   0x0000000000000b56       0x22 ./Core/Src/CMSIS_F031.o
 .debug_macro   0x0000000000000b78       0x8e ./Core/Src/CMSIS_F031.o
 .debug_macro   0x0000000000000c06       0x51 ./Core/Src/CMSIS_F031.o
 .debug_macro   0x0000000000000c57      0x103 ./Core/Src/CMSIS_F031.o
 .debug_macro   0x0000000000000d5a       0x6a ./Core/Src/CMSIS_F031.o
 .debug_macro   0x0000000000000dc4      0x1df ./Core/Src/CMSIS_F031.o
 .debug_macro   0x0000000000000fa3       0x1c ./Core/Src/CMSIS_F031.o
 .debug_macro   0x0000000000000fbf       0x22 ./Core/Src/CMSIS_F031.o
 .debug_macro   0x0000000000000fe1       0xaf ./Core/Src/CMSIS_F031.o
 .debug_macro   0x0000000000001090      0x391 ./Core/Src/CMSIS_F031.o
 .debug_macro   0x0000000000001421     0x7544 ./Core/Src/CMSIS_F031.o
 .debug_macro   0x0000000000008965       0x66 ./Core/Src/CMSIS_F031.o
 .debug_macro   0x00000000000089cb       0xc7 ./Core/Src/SMA_filter_lib.o
 .debug_macro   0x0000000000008a92       0x10 ./Core/Src/SMA_filter_lib.o
 .debug_macro   0x0000000000008aa2       0xd4 ./Core/Src/main.o
 .debug_macro   0x0000000000008b76       0xcc ./Core/Src/system_stm32f0xx.o

.debug_line     0x0000000000000000     0x14d9
 .debug_line    0x0000000000000000      0x641 ./Core/Src/CMSIS_F031.o
 .debug_line    0x0000000000000641      0x4a6 ./Core/Src/SMA_filter_lib.o
 .debug_line    0x0000000000000ae7      0x4d8 ./Core/Src/main.o
 .debug_line    0x0000000000000fbf      0x491 ./Core/Src/system_stm32f0xx.o
 .debug_line    0x0000000000001450       0x89 ./Core/Startup/startup_stm32f031k6tx.o

.debug_str      0x0000000000000000    0x2e66f
 .debug_str     0x0000000000000000    0x2e3b0 ./Core/Src/CMSIS_F031.o
                                      0x2e5ca (size before relaxing)
 .debug_str     0x000000000002e3b0       0x83 ./Core/Src/SMA_filter_lib.o
                                      0x2e1cb (size before relaxing)
 .debug_str     0x000000000002e433       0xdd ./Core/Src/main.o
                                      0x2e389 (size before relaxing)
 .debug_str     0x000000000002e510       0xe8 ./Core/Src/system_stm32f0xx.o
                                      0x2e270 (size before relaxing)
 .debug_str     0x000000000002e5f8       0x77 ./Core/Startup/startup_stm32f031k6tx.o

.comment        0x0000000000000000       0x50
 .comment       0x0000000000000000       0x50 ./Core/Src/CMSIS_F031.o
                                         0x51 (size before relaxing)
 .comment       0x0000000000000050       0x51 ./Core/Src/SMA_filter_lib.o
 .comment       0x0000000000000050       0x51 ./Core/Src/main.o
 .comment       0x0000000000000050       0x51 ./Core/Src/system_stm32f0xx.o

.debug_frame    0x0000000000000000      0x2c8
 .debug_frame   0x0000000000000000      0x1bc ./Core/Src/CMSIS_F031.o
 .debug_frame   0x00000000000001bc       0x30 ./Core/Src/SMA_filter_lib.o
 .debug_frame   0x00000000000001ec       0x64 ./Core/Src/main.o
 .debug_frame   0x0000000000000250       0x4c ./Core/Src/system_stm32f0xx.o
 .debug_frame   0x000000000000029c       0x2c c:/st/stm32cubeide_1.10.1/stm32cubeide/plugins/com.st.stm32cube.ide.mcu.externaltools.gnu-tools-for-stm32.10.3-2021.10.win32_1.0.0.202111181127/tools/bin/../lib/gcc/arm-none-eabi/10.3.1/../../../../arm-none-eabi/lib/thumb/v6-m/nofp\libc_nano.a(lib_a-init.o)
