../Core/Src/lcd1602_i2c_lib.c:10:13:lcd1602_Send_init_Data	16	static
../Core/Src/lcd1602_i2c_lib.c:26:13:CMSIS_I2C_Master_Transmit	16	static
../Core/Src/lcd1602_i2c_lib.c:33:13:lcd1602_Write_byte	16	static
../Core/Src/lcd1602_i2c_lib.c:37:13:lcd1602_Send_cmd	16	static
../Core/Src/lcd1602_i2c_lib.c:47:13:lcd1602_Send_data_symbol	24	static
../Core/Src/lcd1602_i2c_lib.c:61:13:lcd1602_Send_data	16	static
../Core/Src/lcd1602_i2c_lib.c:74:6:lcd1602_Init	16	static
../Core/Src/lcd1602_i2c_lib.c:136:6:lcd1602_Print_symbol	32	static
../Core/Src/lcd1602_i2c_lib.c:147:6:lcd1602_Print_text	24	static
../Core/Src/lcd1602_i2c_lib.c:159:6:lcd1602_SetCursor	32	static
../Core/Src/lcd1602_i2c_lib.c:187:6:lcd1602_Move_to_the_left	16	static
../Core/Src/lcd1602_i2c_lib.c:198:6:lcd1602_Move_to_the_right	16	static
../Core/Src/lcd1602_i2c_lib.c:210:6:lcd1602_Backlight	16	static
../Core/Src/lcd1602_i2c_lib.c:221:6:lcd1602_Create_symbol	32	static
../Core/Src/lcd1602_i2c_lib.c:228:6:lcd1602_Clean	16	static
../Core/Src/lcd1602_i2c_lib.c:238:6:lcd1602_Clean_Text	8	static
